Component: ARM Compiler 5.06 update 6 (build 750) Tool: armlink [4d35ed]

==============================================================================

Section Cross References

    startup_stm32h750xx.o(RESET) refers to startup_stm32h750xx.o(STACK) for __initial_sp
    startup_stm32h750xx.o(RESET) refers to startup_stm32h750xx.o(.text) for Reset_Handler
    startup_stm32h750xx.o(RESET) refers to stm32h7xx_it.o(i.NMI_Handler) for NMI_Handler
    startup_stm32h750xx.o(RESET) refers to stm32h7xx_it.o(i.HardFault_Handler) for HardFault_Handler
    startup_stm32h750xx.o(RESET) refers to stm32h7xx_it.o(i.MemManage_Handler) for MemManage_Handler
    startup_stm32h750xx.o(RESET) refers to stm32h7xx_it.o(i.BusFault_Handler) for BusFault_Handler
    startup_stm32h750xx.o(RESET) refers to stm32h7xx_it.o(i.UsageFault_Handler) for UsageFault_Handler
    startup_stm32h750xx.o(RESET) refers to stm32h7xx_it.o(i.SVC_Handler) for SVC_Handler
    startup_stm32h750xx.o(RESET) refers to stm32h7xx_it.o(i.DebugMon_Handler) for DebugMon_Handler
    startup_stm32h750xx.o(RESET) refers to stm32h7xx_it.o(i.PendSV_Handler) for PendSV_Handler
    startup_stm32h750xx.o(RESET) refers to stm32h7xx_it.o(i.SysTick_Handler) for SysTick_Handler
    startup_stm32h750xx.o(RESET) refers to stm32h7xx_it.o(i.DMA1_Stream5_IRQHandler) for DMA1_Stream5_IRQHandler
    startup_stm32h750xx.o(RESET) refers to stm32h7xx_it.o(i.TIM3_IRQHandler) for TIM3_IRQHandler
    startup_stm32h750xx.o(.text) refers to system_stm32h7xx.o(i.SystemInit) for SystemInit
    startup_stm32h750xx.o(.text) refers to entry.o(.ARM.Collect$$$$00000000) for __main
    ws2812.o(i.Decimal_TO_Binary) refers to ws2812.o(.bss) for .bss
    ws2812.o(i.Decimal_TO_Binary) refers to ws2812.o(.data) for .data
    ws2812.o(i.HAL_TIM_PWM_PulseFinishedCallback) refers to stm32h7xx_hal_tim.o(i.HAL_TIM_PWM_Stop_DMA) for HAL_TIM_PWM_Stop_DMA
    ws2812.o(i.HAL_TIM_PWM_PulseFinishedCallback) refers to tim.o(.bss) for htim2
    ws2812.o(i.LED_Cleared_SET) refers to ws2812.o(.bss) for .bss
    ws2812.o(i.WS2812_AUTO_send_OFF) refers to ws2812.o(.bss) for .bss
    ws2812.o(i.WS2812_AUTO_send_ON) refers to ws2812.o(.bss) for .bss
    ws2812.o(i.WS2812_Init) refers to ws2812.o(i.WS2812_OLL_slake) for WS2812_OLL_slake
    ws2812.o(i.WS2812_Init) refers to ws2812.o(.bss) for .bss
    ws2812.o(i.WS2812_OLL_slake) refers to ws2812.o(i.LED_Cleared_SET) for LED_Cleared_SET
    ws2812.o(i.WS2812_OLL_slake) refers to ws2812.o(i.ws2812_send) for ws2812_send
    ws2812.o(i.WS2812_PUT_ONE_LED) refers to ws2812.o(i.Decimal_TO_Binary) for Decimal_TO_Binary
    ws2812.o(i.WS2812_PUT_ONE_LED) refers to ws2812.o(.bss) for .bss
    ws2812.o(i.WS2812_PUT_ONE_LED) refers to ws2812.o(.data) for .data
    ws2812.o(i.WS2812_PUT_ONE_LED_colour) refers to ws2812.o(i.Decimal_TO_Binary) for Decimal_TO_Binary
    ws2812.o(i.WS2812_PUT_ONE_LED_colour) refers to ws2812.o(.bss) for .bss
    ws2812.o(i.WS2812_PUT_ONE_LED_colour) refers to ws2812.o(.data) for .data
    ws2812.o(i.WS2812_PUT_SET_LED) refers to ws2812.o(i.Decimal_TO_Binary) for Decimal_TO_Binary
    ws2812.o(i.WS2812_PUT_SET_LED) refers to ws2812.o(.bss) for .bss
    ws2812.o(i.WS2812_PUT_SET_LED) refers to ws2812.o(.data) for .data
    ws2812.o(i.WS2812_PUT_SET_LED_colour) refers to ws2812.o(i.Decimal_TO_Binary) for Decimal_TO_Binary
    ws2812.o(i.WS2812_PUT_SET_LED_colour) refers to ws2812.o(.bss) for .bss
    ws2812.o(i.WS2812_PUT_SET_LED_colour) refers to ws2812.o(.data) for .data
    ws2812.o(i.WS2812_Return_AUTO_send) refers to ws2812.o(.bss) for .bss
    ws2812.o(i.WS2812_Return_HZ) refers to ws2812.o(.bss) for .bss
    ws2812.o(i.ws2812_SET_Bri) refers to ws2812.o(.bss) for .bss
    ws2812.o(i.ws2812_SET_HZ) refers to ws2812.o(.bss) for .bss
    ws2812.o(i.ws2812_send) refers to stm32h7xx_hal_tim.o(i.HAL_TIM_PWM_Start_DMA) for HAL_TIM_PWM_Start_DMA
    ws2812.o(i.ws2812_send) refers to ws2812.o(.bss) for .bss
    ws2812.o(i.ws2812_send) refers to ws2812.o(.data) for .data
    ws2812.o(i.ws2812_send) refers to tim.o(.bss) for htim2
    ws2812.o(i.ws2812_send_ONE) refers to ws2812.o(i.ws2812_send) for ws2812_send
    sdram.o(i.SDRAM_Init) refers to stm32h7xx_hal_sdram.o(i.HAL_SDRAM_SendCommand) for HAL_SDRAM_SendCommand
    sdram.o(i.SDRAM_Init) refers to stm32h7xx_hal.o(i.HAL_Delay) for HAL_Delay
    sdram.o(i.SDRAM_Init) refers to stm32h7xx_hal_sdram.o(i.HAL_SDRAM_ProgramRefreshRate) for HAL_SDRAM_ProgramRefreshRate
    sdram.o(i.SDRAM_Init) refers to sdram.o(.bss) for .bss
    sdram.o(i.SDRAM_Init) refers to fmc.o(.bss) for hsdram1
    main.o(i.SDRAM_SendCommand) refers to stm32h7xx_hal_sdram.o(i.HAL_SDRAM_SendCommand) for HAL_SDRAM_SendCommand
    main.o(i.SDRAM_SendCommand) refers to fmc.o(.bss) for hsdram1
    main.o(i.SystemClock_Config) refers to memseta.o(.text) for __aeabi_memclr4
    main.o(i.SystemClock_Config) refers to stm32h7xx_hal_pwr_ex.o(i.HAL_PWREx_ConfigSupply) for HAL_PWREx_ConfigSupply
[...]
    Removing stm32h7xx_hal_uart_ex.o(i.HAL_RS485Ex_Init), (140 bytes).
    Removing stm32h7xx_hal_uart_ex.o(i.HAL_UARTEx_DisableStopMode), (38 bytes).
    Removing stm32h7xx_hal_uart_ex.o(i.HAL_UARTEx_EnableFifoMode), (72 bytes).
    Removing stm32h7xx_hal_uart_ex.o(i.HAL_UARTEx_EnableStopMode), (38 bytes).
    Removing stm32h7xx_hal_uart_ex.o(i.HAL_UARTEx_RxFifoFullCallback), (2 bytes).
    Removing stm32h7xx_hal_uart_ex.o(i.HAL_UARTEx_StopModeWakeUpSourceConfig), (140 bytes).
    Removing stm32h7xx_hal_uart_ex.o(i.HAL_UARTEx_TxFifoEmptyCallback), (2 bytes).
    Removing stm32h7xx_hal_uart_ex.o(i.HAL_UARTEx_WakeupCallback), (2 bytes).
    Removing system_stm32h7xx.o(.rev16_text), (4 bytes).
    Removing system_stm32h7xx.o(.revsh_text), (4 bytes).
    Removing system_stm32h7xx.o(.rrx_text), (6 bytes).
    Removing system_stm32h7xx.o(i.SystemCoreClockUpdate), (328 bytes).
    Removing dadd.o(.text), (334 bytes).
    Removing dmul.o(.text), (228 bytes).
    Removing ddiv.o(.text), (222 bytes).
    Removing dfixul.o(.text), (48 bytes).
    Removing cdrcmple.o(.text), (48 bytes).
    Removing depilogue.o(.text), (186 bytes).

729 unused section(s) (total 60062 bytes) removed from the image.

==============================================================================

Image Symbol Table

    Local Symbols

    Symbol Name                              Value     Ov Type        Size  Object(Section)

    ../Core/Src/dma.c                        0x00000000   Number         0  dma.o ABSOLUTE
    ../Core/Src/fmc.c                        0x00000000   Number         0  fmc.o ABSOLUTE
    ../Core/Src/gpio.c                       0x00000000   Number         0  gpio.o ABSOLUTE
    ../Core/Src/main.c                       0x00000000   Number         0  main.o ABSOLUTE
    ../Core/Src/quadspi.c                    0x00000000   Number         0  quadspi.o ABSOLUTE
    ../Core/Src/stm32h7xx_hal_msp.c          0x00000000   Number         0  stm32h7xx_hal_msp.o ABSOLUTE
    ../Core/Src/stm32h7xx_it.c               0x00000000   Number         0  stm32h7xx_it.o ABSOLUTE
    ../Core/Src/system_stm32h7xx.c           0x00000000   Number         0  system_stm32h7xx.o ABSOLUTE
    ../Core/Src/tim.c                        0x00000000   Number         0  tim.o ABSOLUTE
    ../Core/Src/usart.c                      0x00000000   Number         0  usart.o ABSOLUTE
    ../Drivers/STM32H7xx_HAL_Driver/Src/stm32h7xx_hal.c 0x00000000   Number         0  stm32h7xx_hal.o ABSOLUTE
    ../Drivers/STM32H7xx_HAL_Driver/Src/stm32h7xx_hal_cortex.c 0x00000000   Number         0  stm32h7xx_hal_cortex.o ABSOLUTE
    ../Drivers/STM32H7xx_HAL_Driver/Src/stm32h7xx_hal_dma.c 0x00000000   Number         0  stm32h7xx_hal_dma.o ABSOLUTE
    ../Drivers/STM32H7xx_HAL_Driver/Src/stm32h7xx_hal_dma_ex.c 0x00000000   Number         0  stm32h7xx_hal_dma_ex.o ABSOLUTE
    ../Drivers/STM32H7xx_HAL_Driver/Src/stm32h7xx_hal_exti.c 0x00000000   Number         0  stm32h7xx_hal_exti.o ABSOLUTE
    ../Drivers/STM32H7xx_HAL_Driver/Src/stm32h7xx_hal_flash.c 0x00000000   Number         0  stm32h7xx_hal_flash.o ABSOLUTE
    ../Drivers/STM32H7xx_HAL_Driver/Src/stm32h7xx_hal_flash_ex.c 0x00000000   Number         0  stm32h7xx_hal_flash_ex.o ABSOLUTE
    ../Drivers/STM32H7xx_HAL_Driver/Src/stm32h7xx_hal_gpio.c 0x00000000   Number         0  stm32h7xx_hal_gpio.o ABSOLUTE
    ../Drivers/STM32H7xx_HAL_Driver/Src/stm32h7xx_hal_hsem.c 0x00000000   Number         0  stm32h7xx_hal_hsem.o ABSOLUTE
    ../Drivers/STM32H7xx_HAL_Driver/Src/stm32h7xx_hal_i2c.c 0x00000000   Number         0  stm32h7xx_hal_i2c.o ABSOLUTE
    ../Drivers/STM32H7xx_HAL_Driver/Src/stm32h7xx_hal_i2c_ex.c 0x00000000   Number         0  stm32h7xx_hal_i2c_ex.o ABSOLUTE
    ../Drivers/STM32H7xx_HAL_Driver/Src/stm32h7xx_hal_mdma.c 0x00000000   Number         0  stm32h7xx_hal_mdma.o ABSOLUTE
    ../Drivers/STM32H7xx_HAL_Driver/Src/stm32h7xx_hal_pwr.c 0x00000000   Number         0  stm32h7xx_hal_pwr.o ABSOLUTE
    ../Drivers/STM32H7xx_HAL_Driver/Src/stm32h7xx_hal_pwr_ex.c 0x00000000   Number         0  stm32h7xx_hal_pwr_ex.o ABSOLUTE
    ../Drivers/STM32H7xx_HAL_Driver/Src/stm32h7xx_hal_qspi.c 0x00000000   Number         0  stm32h7xx_hal_qspi.o ABSOLUTE
    ../Drivers/STM32H7xx_HAL_Driver/Src/stm32h7xx_hal_rcc.c 0x00000000   Number         0  stm32h7xx_hal_rcc.o ABSOLUTE
    ../Drivers/STM32H7xx_HAL_Driver/Src/stm32h7xx_hal_rcc_ex.c 0x00000000   Number         0  stm32h7xx_hal_rcc_ex.o ABSOLUTE
    ../Drivers/STM32H7xx_HAL_Driver/Src/stm32h7xx_hal_sdram.c 0x00000000   Number         0  stm32h7xx_hal_sdram.o ABSOLUTE
    ../Drivers/STM32H7xx_HAL_Driver/Src/stm32h7xx_hal_tim.c 0x00000000   Number         0  stm32h7xx_hal_tim.o ABSOLUTE
    ../Drivers/STM32H7xx_HAL_Driver/Src/stm32h7xx_hal_tim_ex.c 0x00000000   Number         0  stm32h7xx_hal_tim_ex.o ABSOLUTE
    ../Drivers/STM32H7xx_HAL_Driver/Src/stm32h7xx_hal_uart.c 0x00000000   Number         0  stm32h7xx_hal_uart.o ABSOLUTE
    ../Drivers/STM32H7xx_HAL_Driver/Src/stm32h7xx_hal_uart_ex.c 0x00000000   Number         0  stm32h7xx_hal_uart_ex.o ABSOLUTE
    ../Drivers/STM32H7xx_HAL_Driver/Src/stm32h7xx_ll_fmc.c 0x00000000   Number         0  stm32h7xx_ll_fmc.o ABSOLUTE
    ../clib/microlib/division.c              0x00000000   Number         0  uldiv.o ABSOLUTE
    ../clib/microlib/division.c              0x00000000   Number         0  uidiv.o ABSOLUTE
    ../clib/microlib/init/entry.s            0x00000000   Number         0  entry9b.o ABSOLUTE
    ../clib/microlib/init/entry.s            0x00000000   Number         0  entry10a.o ABSOLUTE
    ../clib/microlib/init/entry.s            0x00000000   Number         0  entry7b.o ABSOLUTE
    ../clib/microlib/init/entry.s            0x00000000   Number         0  entry11b.o ABSOLUTE
    ../clib/microlib/init/entry.s            0x00000000   Number         0  entry11a.o ABSOLUTE
    ../clib/microlib/init/entry.s            0x00000000   Number         0  entry10b.o ABSOLUTE
    ../clib/microlib/init/entry.s            0x00000000   Number         0  entry8a.o ABSOLUTE
    ../clib/microlib/init/entry.s            0x00000000   Number         0  entry8b.o ABSOLUTE
    ../clib/microlib/init/entry.s            0x00000000   Number         0  entry9a.o ABSOLUTE
    ../clib/microlib/init/entry.s            0x00000000   Number         0  entry7a.o ABSOLUTE
    ../clib/microlib/init/entry.s            0x00000000   Number         0  entry5.o ABSOLUTE
    ../clib/microlib/init/entry.s            0x00000000   Number         0  entry2.o ABSOLUTE
    ../clib/microlib/init/entry.s            0x00000000   Number         0  entry.o ABSOLUTE
    ../clib/microlib/longlong.c              0x00000000   Number         0  llsshr.o ABSOLUTE
    ../clib/microlib/longlong.c              0x00000000   Number         0  llushr.o ABSOLUTE
    ../clib/microlib/longlong.c              0x00000000   Number         0  llshl.o ABSOLUTE
    ../clib/microlib/printf/printf.c         0x00000000   Number         0  printf4.o ABSOLUTE
    ../clib/microlib/printf/printf.c         0x00000000   Number         0  printf8.o ABSOLUTE
    ../clib/microlib/printf/printf.c         0x00000000   Number         0  printf2.o ABSOLUTE
    ../clib/microlib/printf/printf.c         0x00000000   Number         0  printf1.o ABSOLUTE
    ../clib/microlib/printf/printf.c         0x00000000   Number         0  printf7.o ABSOLUTE
    ../clib/microlib/printf/printf.c         0x00000000   Number         0  printf0.o ABSOLUTE
    ../clib/microlib/printf/printf.c         0x00000000   Number         0  printfb.o ABSOLUTE
    ../clib/microlib/printf/printf.c         0x00000000   Number         0  printfa.o ABSOLUTE
    ../clib/microlib/printf/printf.c         0x00000000   Number         0  printf6.o ABSOLUTE
    ../clib/microlib/printf/printf.c         0x00000000   Number         0  printf5.o ABSOLUTE
    ../clib/microlib/printf/printf.c         0x00000000   Number         0  printf3.o ABSOLUTE
    ../clib/microlib/stdio/streams.c         0x00000000   Number         0  stdout.o ABSOLUTE
    ../clib/microlib/string/memset.c         0x00000000   Number         0  memseta.o ABSOLUTE
    ../clib/microlib/stubs.s                 0x00000000   Number         0  iusefp.o ABSOLUTE
    ../fplib/microlib/fpadd.c                0x00000000   Number         0  dadd.o ABSOLUTE
    ../fplib/microlib/fpdiv.c                0x00000000   Number         0  ddiv.o ABSOLUTE
    ../fplib/microlib/fpepilogue.c           0x00000000   Number         0  depilogue.o ABSOLUTE
    ../fplib/microlib/fpfix.c                0x00000000   Number         0  dfixul.o ABSOLUTE
    ../fplib/microlib/fpmul.c                0x00000000   Number         0  dmul.o ABSOLUTE
    ..\Core\Src\SDRAM.c                      0x00000000   Number         0  sdram.o ABSOLUTE
    ..\Core\Src\WS2812.c                     0x00000000   Number         0  ws2812.o ABSOLUTE
    ..\Core\Src\dma.c                        0x00000000   Number         0  dma.o ABSOLUTE
    ..\Core\Src\fmc.c                        0x00000000   Number         0  fmc.o ABSOLUTE
    ..\Core\Src\gpio.c                       0x00000000   Number         0  gpio.o ABSOLUTE
    ..\Core\Src\main.c                       0x00000000   Number         0  main.o ABSOLUTE
    ..\Core\Src\quadspi.c                    0x00000000   Number         0  quadspi.o ABSOLUTE
    ..\Core\Src\stm32h7xx_hal_msp.c          0x00000000   Number         0  stm32h7xx_hal_msp.o ABSOLUTE
    ..\Core\Src\stm32h7xx_it.c               0x00000000   Number         0  stm32h7xx_it.o ABSOLUTE
    ..\Core\Src\system_stm32h7xx.c           0x00000000   Number         0  system_stm32h7xx.o ABSOLUTE
    ..\Core\Src\tim.c                        0x00000000   Number         0  tim.o ABSOLUTE
    ..\Core\Src\usart.c                      0x00000000   Number         0  usart.o ABSOLUTE
    ..\Drivers\STM32H7xx_HAL_Driver\Src\stm32h7xx_hal.c 0x00000000   Number         0  stm32h7xx_hal.o ABSOLUTE
    ..\Drivers\STM32H7xx_HAL_Driver\Src\stm32h7xx_hal_cortex.c 0x00000000   Number         0  stm32h7xx_hal_cortex.o ABSOLUTE
    ..\Drivers\STM32H7xx_HAL_Driver\Src\stm32h7xx_hal_dma.c 0x00000000   Number         0  stm32h7xx_hal_dma.o ABSOLUTE
    ..\Drivers\STM32H7xx_HAL_Driver\Src\stm32h7xx_hal_dma_ex.c 0x00000000   Number         0  stm32h7xx_hal_dma_ex.o ABSOLUTE
    ..\Drivers\STM32H7xx_HAL_Driver\Src\stm32h7xx_hal_exti.c 0x00000000   Number         0  stm32h7xx_hal_exti.o ABSOLUTE
    ..\Drivers\STM32H7xx_HAL_Driver\Src\stm32h7xx_hal_flash.c 0x00000000   Number         0  stm32h7xx_hal_flash.o ABSOLUTE
    ..\Drivers\STM32H7xx_HAL_Driver\Src\stm32h7xx_hal_flash_ex.c 0x00000000   Number         0  stm32h7xx_hal_flash_ex.o ABSOLUTE
    ..\Drivers\STM32H7xx_HAL_Driver\Src\stm32h7xx_hal_gpio.c 0x00000000   Number         0  stm32h7xx_hal_gpio.o ABSOLUTE
    ..\Drivers\STM32H7xx_HAL_Driver\Src\stm32h7xx_hal_hsem.c 0x00000000   Number         0  stm32h7xx_hal_hsem.o ABSOLUTE
    ..\Drivers\STM32H7xx_HAL_Driver\Src\stm32h7xx_hal_i2c.c 0x00000000   Number         0  stm32h7xx_hal_i2c.o ABSOLUTE
    ..\Drivers\STM32H7xx_HAL_Driver\Src\stm32h7xx_hal_i2c_ex.c 0x00000000   Number         0  stm32h7xx_hal_i2c_ex.o ABSOLUTE
    ..\Drivers\STM32H7xx_HAL_Driver\Src\stm32h7xx_hal_mdma.c 0x00000000   Number         0  stm32h7xx_hal_mdma.o ABSOLUTE
    ..\Drivers\STM32H7xx_HAL_Driver\Src\stm32h7xx_hal_pwr.c 0x00000000   Number         0  stm32h7xx_hal_pwr.o ABSOLUTE
    ..\Drivers\STM32H7xx_HAL_Driver\Src\stm32h7xx_hal_pwr_ex.c 0x00000000   Number         0  stm32h7xx_hal_pwr_ex.o ABSOLUTE
    ..\Drivers\STM32H7xx_HAL_Driver\Src\stm32h7xx_hal_qspi.c 0x00000000   Number         0  stm32h7xx_hal_qspi.o ABSOLUTE
    ..\Drivers\STM32H7xx_HAL_Driver\Src\stm32h7xx_hal_rcc.c 0x00000000   Number         0  stm32h7xx_hal_rcc.o ABSOLUTE
    ..\Drivers\STM32H7xx_HAL_Driver\Src\stm32h7xx_hal_rcc_ex.c 0x00000000   Number         0  stm32h7xx_hal_rcc_ex.o ABSOLUTE
    ..\Drivers\STM32H7xx_HAL_Driver\Src\stm32h7xx_hal_sdram.c 0x00000000   Number         0  stm32h7xx_hal_sdram.o ABSOLUTE
    ..\Drivers\STM32H7xx_HAL_Driver\Src\stm32h7xx_hal_tim.c 0x00000000   Number         0  stm32h7xx_hal_tim.o ABSOLUTE
    ..\Drivers\STM32H7xx_HAL_Driver\Src\stm32h7xx_hal_tim_ex.c 0x00000000   Number         0  stm32h7xx_hal_tim_ex.o ABSOLUTE
    ..\Drivers\STM32H7xx_HAL_Driver\Src\stm32h7xx_hal_uart.c 0x00000000   Number         0  stm32h7xx_hal_uart.o ABSOLUTE
    ..\Drivers\STM32H7xx_HAL_Driver\Src\stm32h7xx_hal_uart_ex.c 0x00000000   Number         0  stm32h7xx_hal_uart_ex.o ABSOLUTE
    ..\Drivers\STM32H7xx_HAL_Driver\Src\stm32h7xx_ll_fmc.c 0x00000000   Number         0  stm32h7xx_ll_fmc.o ABSOLUTE
    ..\\Core\\Src\\SDRAM.c                   0x00000000   Number         0  sdram.o ABSOLUTE
    ..\\Core\\Src\\WS2812.c                  0x00000000   Number         0  ws2812.o ABSOLUTE
    cdrcmple.s                               0x00000000   Number         0  cdrcmple.o ABSOLUTE
    dc.s                                     0x00000000   Number         0  dc.o ABSOLUTE
    handlers.s                               0x00000000   Number         0  handlers.o ABSOLUTE
    init.s                                   0x00000000   Number         0  init.o ABSOLUTE
    startup_stm32h750xx.s                    0x00000000   Number         0  startup_stm32h750xx.o ABSOLUTE
    RESET                                    0x08000000   Section      664  startup_stm32h750xx.o(RESET)
    .ARM.Collect$$$$00000000                 0x08000298   Section        0  entry.o(.ARM.Collect$$$$00000000)
    .ARM.Collect$$$$00000001                 0x08000298   Section        4  entry2.o(.ARM.Collect$$$$00000001)
    .ARM.Collect$$$$00000004                 0x0800029c   Section        4  entry5.o(.ARM.Collect$$$$00000004)
    .ARM.Collect$$$$00000008                 0x080002a0   Section        0  entry7b.o(.ARM.Collect$$$$00000008)
    .ARM.Collect$$$$0000000A                 0x080002a0   Section        0  entry8b.o(.ARM.Collect$$$$0000000A)
    .ARM.Collect$$$$0000000B                 0x080002a0   Section        8  entry9a.o(.ARM.Collect$$$$0000000B)
    .ARM.Collect$$$$0000000D                 0x080002a8   Section        0  entry10a.o(.ARM.Collect$$$$0000000D)
    .ARM.Collect$$$$0000000F                 0x080002a8   Section        0  entry11a.o(.ARM.Collect$$$$0000000F)
    .ARM.Collect$$$$00002712                 0x080002a8   Section        4  entry2.o(.ARM.Collect$$$$00002712)
    __lit__00000000                          0x080002a8   Data           4  entry2.o(.ARM.Collect$$$$00002712)
    .text                                    0x080002ac   Section       36  startup_stm32h750xx.o(.text)
    $v0                                      0x080002ac   Number         0  startup_stm32h750xx.o(.text)
    .text                                    0x080002d0   Section        0  uldiv.o(.text)
    .text                                    0x08000332   Section        0  memseta.o(.text)
    .text                                    0x08000356   Section        0  llshl.o(.text)
    .text                                    0x08000374   Section        0  llushr.o(.text)
    .text                                    0x08000394   Section       36  init.o(.text)
    i.BusFault_Handler                       0x080003b8   Section        0  stm32h7xx_it.o(i.BusFault_Handler)
    i.DMA1_Stream5_IRQHandler                0x080003bc   Section        0  stm32h7xx_it.o(i.DMA1_Stream5_IRQHandler)
    i.DMA_CalcBaseAndBitshift                0x080003c8   Section        0  stm32h7xx_hal_dma.o(i.DMA_CalcBaseAndBitshift)
    DMA_CalcBaseAndBitshift                  0x080003c9   Thumb Code   168  stm32h7xx_hal_dma.o(i.DMA_CalcBaseAndBitshift)
    i.DMA_CalcDMAMUXChannelBaseAndMask       0x0800047c   Section        0  stm32h7xx_hal_dma.o(i.DMA_CalcDMAMUXChannelBaseAndMask)
    DMA_CalcDMAMUXChannelBaseAndMask         0x0800047d   Thumb Code   138  stm32h7xx_hal_dma.o(i.DMA_CalcDMAMUXChannelBaseAndMask)
    i.DMA_CalcDMAMUXRequestGenBaseAndMask    0x08000518   Section        0  stm32h7xx_hal_dma.o(i.DMA_CalcDMAMUXRequestGenBaseAndMask)
    DMA_CalcDMAMUXRequestGenBaseAndMask      0x08000519   Thumb Code   104  stm32h7xx_hal_dma.o(i.DMA_CalcDMAMUXRequestGenBaseAndMask)
    i.DMA_CheckFifoParam                     0x0800058c   Section        0  stm32h7xx_hal_dma.o(i.DMA_CheckFifoParam)
    DMA_CheckFifoParam                       0x0800058d   Thumb Code    84  stm32h7xx_hal_dma.o(i.DMA_CheckFifoParam)
    i.DMA_SetConfig                          0x080005e0   Section        0  stm32h7xx_hal_dma.o(i.DMA_SetConfig)
    DMA_SetConfig                            0x080005e1   Thumb Code   518  stm32h7xx_hal_dma.o(i.DMA_SetConfig)
    i.DebugMon_Handler                       0x08000800   Section        0  stm32h7xx_it.o(i.DebugMon_Handler)
    i.Decimal_TO_Binary                      0x08000804   Section        0  ws2812.o(i.Decimal_TO_Binary)
    i.Error_Handler                          0x080008a0   Section        0  main.o(i.Error_Handler)
    i.FMC_SDRAM_Init                         0x080008a4   Section        0  stm32h7xx_ll_fmc.o(i.FMC_SDRAM_Init)
    i.FMC_SDRAM_ProgramRefreshRate           0x0800090e   Section        0  stm32h7xx_ll_fmc.o(i.FMC_SDRAM_ProgramRefreshRate)
    i.FMC_SDRAM_SendCommand                  0x08000920   Section        0  stm32h7xx_ll_fmc.o(i.FMC_SDRAM_SendCommand)
    i.FMC_SDRAM_Timing_Init                  0x08000944   Section        0  stm32h7xx_ll_fmc.o(i.FMC_SDRAM_Timing_Init)
    i.HAL_DMA_Abort_IT                       0x080009f4   Section        0  stm32h7xx_hal_dma.o(i.HAL_DMA_Abort_IT)
    i.HAL_DMA_IRQHandler                     0x08000c78   Section        0  stm32h7xx_hal_dma.o(i.HAL_DMA_IRQHandler)
    i.HAL_DMA_Init                           0x08001368   Section        0  stm32h7xx_hal_dma.o(i.HAL_DMA_Init)
    i.HAL_DMA_Start_IT                       0x0800172c   Section        0  stm32h7xx_hal_dma.o(i.HAL_DMA_Start_IT)
    i.HAL_Delay                              0x080019c8   Section        0  stm32h7xx_hal.o(i.HAL_Delay)
    i.HAL_FMC_MspInit                        0x080019ec   Section        0  fmc.o(i.HAL_FMC_MspInit)
    HAL_FMC_MspInit                          0x080019ed   Thumb Code   156  fmc.o(i.HAL_FMC_MspInit)
    i.HAL_GPIO_Init                          0x08001aa8   Section        0  stm32h7xx_hal_gpio.o(i.HAL_GPIO_Init)
    i.HAL_GPIO_WritePin                      0x08001cd8   Section        0  stm32h7xx_hal_gpio.o(i.HAL_GPIO_WritePin)
    i.HAL_GetREVID                           0x08001ce4   Section        0  stm32h7xx_hal.o(i.HAL_GetREVID)
    i.HAL_GetTick                            0x08001cf0   Section        0  stm32h7xx_hal.o(i.HAL_GetTick)
    i.HAL_IncTick                            0x08001cfc   Section        0  stm32h7xx_hal.o(i.HAL_IncTick)
    i.HAL_Init                               0x08001d0c   Section        0  stm32h7xx_hal.o(i.HAL_Init)
    i.HAL_InitTick                           0x08001d68   Section        0  stm32h7xx_hal.o(i.HAL_InitTick)
    i.HAL_MspInit                            0x08001da8   Section        0  stm32h7xx_hal_msp.o(i.HAL_MspInit)
    i.HAL_NVIC_EnableIRQ                     0x08001dc4   Section        0  stm32h7xx_hal_cortex.o(i.HAL_NVIC_EnableIRQ)
    i.HAL_NVIC_SetPriority                   0x08001de0   Section        0  stm32h7xx_hal_cortex.o(i.HAL_NVIC_SetPriority)
    i.HAL_NVIC_SetPriorityGrouping           0x08001e20   Section        0  stm32h7xx_hal_cortex.o(i.HAL_NVIC_SetPriorityGrouping)
    i.HAL_PWREx_ConfigSupply                 0x08001e44   Section        0  stm32h7xx_hal_pwr_ex.o(i.HAL_PWREx_ConfigSupply)
    i.HAL_QSPI_Init                          0x08001e98   Section        0  stm32h7xx_hal_qspi.o(i.HAL_QSPI_Init)
    i.HAL_QSPI_MspInit                       0x08001f44   Section        0  quadspi.o(i.HAL_QSPI_MspInit)
    i.HAL_RCCEx_GetD3PCLK1Freq               0x08001ff0   Section        0  stm32h7xx_hal_rcc_ex.o(i.HAL_RCCEx_GetD3PCLK1Freq)
    i.HAL_RCCEx_GetPLL2ClockFreq             0x08002014   Section        0  stm32h7xx_hal_rcc_ex.o(i.HAL_RCCEx_GetPLL2ClockFreq)
    i.HAL_RCCEx_GetPLL3ClockFreq             0x08002158   Section        0  stm32h7xx_hal_rcc_ex.o(i.HAL_RCCEx_GetPLL3ClockFreq)
    i.HAL_RCCEx_PeriphCLKConfig              0x0800229c   Section        0  stm32h7xx_hal_rcc_ex.o(i.HAL_RCCEx_PeriphCLKConfig)
    i.HAL_RCC_ClockConfig                    0x08002b58   Section        0  stm32h7xx_hal_rcc.o(i.HAL_RCC_ClockConfig)
    i.HAL_RCC_GetHCLKFreq                    0x08002db4   Section        0  stm32h7xx_hal_rcc.o(i.HAL_RCC_GetHCLKFreq)
    i.HAL_RCC_GetPCLK1Freq                   0x08002df8   Section        0  stm32h7xx_hal_rcc.o(i.HAL_RCC_GetPCLK1Freq)
    i.HAL_RCC_GetPCLK2Freq                   0x08002e1c   Section        0  stm32h7xx_hal_rcc.o(i.HAL_RCC_GetPCLK2Freq)
    i.HAL_RCC_GetSysClockFreq                0x08002e40   Section        0  stm32h7xx_hal_rcc.o(i.HAL_RCC_GetSysClockFreq)
    i.HAL_RCC_OscConfig                      0x08002f78   Section        0  stm32h7xx_hal_rcc.o(i.HAL_RCC_OscConfig)
    i.HAL_SDRAM_Init                         0x08003480   Section        0  stm32h7xx_hal_sdram.o(i.HAL_SDRAM_Init)
    i.HAL_SDRAM_MspInit                      0x080034d0   Section        0  fmc.o(i.HAL_SDRAM_MspInit)
    i.HAL_SDRAM_ProgramRefreshRate           0x080034d4   Section        0  stm32h7xx_hal_sdram.o(i.HAL_SDRAM_ProgramRefreshRate)
    i.HAL_SDRAM_SendCommand                  0x08003504   Section        0  stm32h7xx_hal_sdram.o(i.HAL_SDRAM_SendCommand)
    i.HAL_SYSTICK_Config                     0x08003540   Section        0  stm32h7xx_hal_cortex.o(i.HAL_SYSTICK_Config)
    i.HAL_TIMEx_Break2Callback               0x08003566   Section        0  stm32h7xx_hal_tim_ex.o(i.HAL_TIMEx_Break2Callback)
    i.HAL_TIMEx_BreakCallback                0x08003568   Section        0  stm32h7xx_hal_tim_ex.o(i.HAL_TIMEx_BreakCallback)
    i.HAL_TIMEx_CommutCallback               0x0800356a   Section        0  stm32h7xx_hal_tim_ex.o(i.HAL_TIMEx_CommutCallback)
    i.HAL_TIMEx_MasterConfigSynchronization  0x0800356c   Section        0  stm32h7xx_hal_tim_ex.o(i.HAL_TIMEx_MasterConfigSynchronization)
    i.HAL_TIM_Base_Init                      0x08003604   Section        0  stm32h7xx_hal_tim.o(i.HAL_TIM_Base_Init)
    i.HAL_TIM_Base_MspInit                   0x08003668   Section        0  tim.o(i.HAL_TIM_Base_MspInit)
    i.HAL_TIM_Base_Start_IT                  0x080036a4   Section        0  stm32h7xx_hal_tim.o(i.HAL_TIM_Base_Start_IT)
    i.HAL_TIM_ConfigClockSource              0x080036e4   Section        0  stm32h7xx_hal_tim.o(i.HAL_TIM_ConfigClockSource)
    i.HAL_TIM_ErrorCallback                  0x080037dc   Section        0  stm32h7xx_hal_tim.o(i.HAL_TIM_ErrorCallback)
    i.HAL_TIM_IC_CaptureCallback             0x080037de   Section        0  stm32h7xx_hal_tim.o(i.HAL_TIM_IC_CaptureCallback)
    i.HAL_TIM_IRQHandler                     0x080037e0   Section        0  stm32h7xx_hal_tim.o(i.HAL_TIM_IRQHandler)
    i.HAL_TIM_MspPostInit                    0x08003964   Section        0  tim.o(i.HAL_TIM_MspPostInit)
    i.HAL_TIM_OC_DelayElapsedCallback        0x080039b4   Section        0  stm32h7xx_hal_tim.o(i.HAL_TIM_OC_DelayElapsedCallback)
    i.HAL_TIM_PWM_ConfigChannel              0x080039b6   Section        0  stm32h7xx_hal_tim.o(i.HAL_TIM_PWM_ConfigChannel)
    i.HAL_TIM_PWM_Init                       0x08003ad4   Section        0  stm32h7xx_hal_tim.o(i.HAL_TIM_PWM_Init)
    i.HAL_TIM_PWM_MspInit                    0x08003b38   Section        0  tim.o(i.HAL_TIM_PWM_MspInit)
    i.HAL_TIM_PWM_PulseFinishedCallback      0x08003b9c   Section        0  ws2812.o(i.HAL_TIM_PWM_PulseFinishedCallback)
    i.HAL_TIM_PWM_PulseFinishedHalfCpltCallback 0x08003ba8   Section        0  stm32h7xx_hal_tim.o(i.HAL_TIM_PWM_PulseFinishedHalfCpltCallback)
    i.HAL_TIM_PWM_Start_DMA                  0x08003bac   Section        0  stm32h7xx_hal_tim.o(i.HAL_TIM_PWM_Start_DMA)
    i.HAL_TIM_PWM_Stop_DMA                   0x08003d74   Section        0  stm32h7xx_hal_tim.o(i.HAL_TIM_PWM_Stop_DMA)
    i.HAL_TIM_PeriodElapsedCallback          0x08003e68   Section        0  tim.o(i.HAL_TIM_PeriodElapsedCallback)
    i.HAL_TIM_TriggerCallback                0x08003ea8   Section        0  stm32h7xx_hal_tim.o(i.HAL_TIM_TriggerCallback)
    i.HAL_UARTEx_DisableFifoMode             0x08003eaa   Section        0  stm32h7xx_hal_uart_ex.o(i.HAL_UARTEx_DisableFifoMode)
    i.HAL_UARTEx_SetRxFifoThreshold          0x08003eea   Section        0  stm32h7xx_hal_uart_ex.o(i.HAL_UARTEx_SetRxFifoThreshold)
    i.HAL_UARTEx_SetTxFifoThreshold          0x08003f36   Section        0  stm32h7xx_hal_uart_ex.o(i.HAL_UARTEx_SetTxFifoThreshold)
    i.HAL_UART_Init                          0x08003f82   Section        0  stm32h7xx_hal_uart.o(i.HAL_UART_Init)
    i.HAL_UART_MspInit                       0x08003fec   Section        0  usart.o(i.HAL_UART_MspInit)
    i.HAL_UART_Transmit                      0x0800407c   Section        0  stm32h7xx_hal_uart.o(i.HAL_UART_Transmit)
    i.HardFault_Handler                      0x0800413a   Section        0  stm32h7xx_it.o(i.HardFault_Handler)
    i.LED_Cleared_SET                        0x0800413c   Section        0  ws2812.o(i.LED_Cleared_SET)
    i.MX_DMA_Init                            0x08004178   Section        0  dma.o(i.MX_DMA_Init)
    i.MX_FMC_Init                            0x080041a4   Section        0  fmc.o(i.MX_FMC_Init)
    i.MX_GPIO_Init                           0x0800420c   Section        0  gpio.o(i.MX_GPIO_Init)
    i.MX_QUADSPI_Init                        0x08004308   Section        0  quadspi.o(i.MX_QUADSPI_Init)
    i.MX_TIM2_Init                           0x08004340   Section        0  tim.o(i.MX_TIM2_Init)
    i.MX_TIM3_Init                           0x080043b0   Section        0  tim.o(i.MX_TIM3_Init)
    i.MX_UART4_Init                          0x08004418   Section        0  usart.o(i.MX_UART4_Init)
    i.MemManage_Handler                      0x08004480   Section        0  stm32h7xx_it.o(i.MemManage_Handler)
    i.NMI_Handler                            0x08004482   Section        0  stm32h7xx_it.o(i.NMI_Handler)
    i.PendSV_Handler                         0x08004484   Section        0  stm32h7xx_it.o(i.PendSV_Handler)
    i.QSPI_WaitFlagStateUntilTimeout         0x08004486   Section        0  stm32h7xx_hal_qspi.o(i.QSPI_WaitFlagStateUntilTimeout)
    QSPI_WaitFlagStateUntilTimeout           0x08004487   Thumb Code    72  stm32h7xx_hal_qspi.o(i.QSPI_WaitFlagStateUntilTimeout)
    i.RCCEx_PLL2_Config                      0x080044d0   Section        0  stm32h7xx_hal_rcc_ex.o(i.RCCEx_PLL2_Config)
    RCCEx_PLL2_Config                        0x080044d1   Thumb Code   284  stm32h7xx_hal_rcc_ex.o(i.RCCEx_PLL2_Config)
    i.RCCEx_PLL3_Config                      0x080045f0   Section        0  stm32h7xx_hal_rcc_ex.o(i.RCCEx_PLL3_Config)
    RCCEx_PLL3_Config                        0x080045f1   Thumb Code   284  stm32h7xx_hal_rcc_ex.o(i.RCCEx_PLL3_Config)
    i.SDRAM_Init                             0x08004710   Section        0  sdram.o(i.SDRAM_Init)
    i.SVC_Handler                            0x08004794   Section        0  stm32h7xx_it.o(i.SVC_Handler)
    i.SysTick_Handler                        0x08004796   Section        0  stm32h7xx_it.o(i.SysTick_Handler)
    i.SystemClock_Config                     0x0800479c   Section        0  main.o(i.SystemClock_Config)
    i.SystemInit                             0x08004864   Section        0  system_stm32h7xx.o(i.SystemInit)
    i.TIM3_IRQHandler                        0x08004948   Section        0  stm32h7xx_it.o(i.TIM3_IRQHandler)
    i.TIM_Base_SetConfig                     0x08004954   Section        0  stm32h7xx_hal_tim.o(i.TIM_Base_SetConfig)
    i.TIM_CCxChannelCmd                      0x08004a18   Section        0  stm32h7xx_hal_tim.o(i.TIM_CCxChannelCmd)
    i.TIM_DMADelayPulseCplt                  0x08004a32   Section        0  stm32h7xx_hal_tim.o(i.TIM_DMADelayPulseCplt)
    TIM_DMADelayPulseCplt                    0x08004a33   Thumb Code    94  stm32h7xx_hal_tim.o(i.TIM_DMADelayPulseCplt)
    i.TIM_DMADelayPulseHalfCplt              0x08004a90   Section        0  stm32h7xx_hal_tim.o(i.TIM_DMADelayPulseHalfCplt)
    i.TIM_DMAError                           0x08004ac8   Section        0  stm32h7xx_hal_tim.o(i.TIM_DMAError)
    i.TIM_ETR_SetConfig                      0x08004b1c   Section        0  stm32h7xx_hal_tim.o(i.TIM_ETR_SetConfig)
    i.TIM_ITRx_SetConfig                     0x08004b30   Section        0  stm32h7xx_hal_tim.o(i.TIM_ITRx_SetConfig)
    TIM_ITRx_SetConfig                       0x08004b31   Thumb Code    16  stm32h7xx_hal_tim.o(i.TIM_ITRx_SetConfig)
    i.TIM_OC1_SetConfig                      0x08004b44   Section        0  stm32h7xx_hal_tim.o(i.TIM_OC1_SetConfig)
    TIM_OC1_SetConfig                        0x08004b45   Thumb Code   142  stm32h7xx_hal_tim.o(i.TIM_OC1_SetConfig)
    i.TIM_OC2_SetConfig                      0x08004bec   Section        0  stm32h7xx_hal_tim.o(i.TIM_OC2_SetConfig)
    i.TIM_OC3_SetConfig                      0x08004c84   Section        0  stm32h7xx_hal_tim.o(i.TIM_OC3_SetConfig)
    TIM_OC3_SetConfig                        0x08004c85   Thumb Code   118  stm32h7xx_hal_tim.o(i.TIM_OC3_SetConfig)
    i.TIM_OC4_SetConfig                      0x08004d10   Section        0  stm32h7xx_hal_tim.o(i.TIM_OC4_SetConfig)
    TIM_OC4_SetConfig                        0x08004d11   Thumb Code    88  stm32h7xx_hal_tim.o(i.TIM_OC4_SetConfig)
    i.TIM_OC5_SetConfig                      0x08004d7c   Section        0  stm32h7xx_hal_tim.o(i.TIM_OC5_SetConfig)
    TIM_OC5_SetConfig                        0x08004d7d   Thumb Code    88  stm32h7xx_hal_tim.o(i.TIM_OC5_SetConfig)
    i.TIM_OC6_SetConfig                      0x08004de8   Section        0  stm32h7xx_hal_tim.o(i.TIM_OC6_SetConfig)
    TIM_OC6_SetConfig                        0x08004de9   Thumb Code    88  stm32h7xx_hal_tim.o(i.TIM_OC6_SetConfig)
    i.TIM_TI1_ConfigInputStage               0x08004e54   Section        0  stm32h7xx_hal_tim.o(i.TIM_TI1_ConfigInputStage)
    TIM_TI1_ConfigInputStage                 0x08004e55   Thumb Code    34  stm32h7xx_hal_tim.o(i.TIM_TI1_ConfigInputStage)
    i.TIM_TI2_ConfigInputStage               0x08004e76   Section        0  stm32h7xx_hal_tim.o(i.TIM_TI2_ConfigInputStage)
    TIM_TI2_ConfigInputStage                 0x08004e77   Thumb Code    36  stm32h7xx_hal_tim.o(i.TIM_TI2_ConfigInputStage)
    i.UARTEx_SetNbDataToProcess              0x08004e9c   Section        0  stm32h7xx_hal_uart_ex.o(i.UARTEx_SetNbDataToProcess)
    UARTEx_SetNbDataToProcess                0x08004e9d   Thumb Code    82  stm32h7xx_hal_uart_ex.o(i.UARTEx_SetNbDataToProcess)
    i.UART_AdvFeatureConfig                  0x08004f00   Section        0  stm32h7xx_hal_uart.o(i.UART_AdvFeatureConfig)
    i.UART_CheckIdleState                    0x08004fc8   Section        0  stm32h7xx_hal_uart.o(i.UART_CheckIdleState)
    i.UART_SetConfig                         0x08005028   Section        0  stm32h7xx_hal_uart.o(i.UART_SetConfig)
    i.UART_WaitOnFlagUntilTimeout            0x080053d8   Section        0  stm32h7xx_hal_uart.o(i.UART_WaitOnFlagUntilTimeout)
    i.UsageFault_Handler                     0x0800547c   Section        0  stm32h7xx_it.o(i.UsageFault_Handler)
    i.WS2812_Init                            0x08005480   Section        0  ws2812.o(i.WS2812_Init)
    i.WS2812_OLL_slake                       0x080054c0   Section        0  ws2812.o(i.WS2812_OLL_slake)
    i.WS2812_PUT_SET_LED                     0x080054dc   Section        0  ws2812.o(i.WS2812_PUT_SET_LED)
    i.WS2812_PUT_SET_LED_colour              0x08005560   Section        0  ws2812.o(i.WS2812_PUT_SET_LED_colour)
    i.WS2812_Return_HZ                       0x080055e0   Section        0  ws2812.o(i.WS2812_Return_HZ)
    i.__0printf$bare                         0x080055ec   Section        0  printfb.o(i.__0printf$bare)
    i.__NVIC_SetPriority                     0x080055fc   Section        0  stm32h7xx_hal_cortex.o(i.__NVIC_SetPriority)
    __NVIC_SetPriority                       0x080055fd   Thumb Code    34  stm32h7xx_hal_cortex.o(i.__NVIC_SetPriority)
    i.__scatterload_copy                     0x0800561e   Section       14  handlers.o(i.__scatterload_copy)
    i.__scatterload_null                     0x0800562c   Section        2  handlers.o(i.__scatterload_null)
    i.__scatterload_zeroinit                 0x0800562e   Section       14  handlers.o(i.__scatterload_zeroinit)
    i._printf_core                           0x0800563c   Section        0  printfb.o(i._printf_core)
    _printf_core                             0x0800563d   Thumb Code    34  printfb.o(i._printf_core)
    i.bsp_TestExtSDRAM                       0x08005660   Section        0  main.o(i.bsp_TestExtSDRAM)
    i.fputc                                  0x08005708   Section        0  usart.o(i.fputc)
    i.main                                   0x08005720   Section        0  main.o(i.main)
    i.ws2812_SET_Bri                         0x0800582c   Section        0  ws2812.o(i.ws2812_SET_Bri)
    i.ws2812_send                            0x08005838   Section        0  ws2812.o(i.ws2812_send)
    i.ws2812_send_ONE                        0x080058a0   Section        0  ws2812.o(i.ws2812_send_ONE)
    .constdata                               0x080058a4   Section        8  stm32h7xx_hal_dma.o(.constdata)
    flagBitshiftOffset                       0x080058a4   Data           8  stm32h7xx_hal_dma.o(.constdata)
    .constdata                               0x080058ac   Section       24  stm32h7xx_hal_uart.o(.constdata)
    .constdata                               0x080058c4   Section       16  system_stm32h7xx.o(.constdata)
    .data                                    0x24000000   Section       28  ws2812.o(.data)
    .data                                    0x2400001c   Section        8  fmc.o(.data)
    FMC_Initialized                          0x2400001c   Data           4  fmc.o(.data)
    FMC_DeInitialized                        0x24000020   Data           4  fmc.o(.data)
    .data                                    0x24000024   Section        2  tim.o(.data)
    TIM3_Cnt1                                0x24000024   Data           2  tim.o(.data)
    .data                                    0x24000028   Section       12  stm32h7xx_hal.o(.data)
    .data                                    0x24000034   Section        8  system_stm32h7xx.o(.data)
    .data                                    0x2400003c   Section        4  stdout.o(.data)
    .bss                                     0x24000040   Section    13120  ws2812.o(.bss)
    .bss                                     0x24003380   Section       16  sdram.o(.bss)
    Command                                  0x24003380   Data          16  sdram.o(.bss)
    .bss                                     0x24003390   Section       52  fmc.o(.bss)
    .bss                                     0x240033c4   Section       76  quadspi.o(.bss)
    .bss                                     0x24003410   Section      272  tim.o(.bss)
    .bss                                     0x24003520   Section      140  usart.o(.bss)
    STACK                                    0x240035b0   Section     1024  startup_stm32h750xx.o(STACK)

    Global Symbols

    Symbol Name                              Value     Ov Type        Size  Object(Section)

    BuildAttributes$$THM_ISAv4$E$P$D$K$B$S$7EM$VFPv5_D16$PE$PLD8$A:L22UL41UL21$X:L11$S22US41US21$IEEE1$IW$USESV6$~STKCKD$USESV7$~SHL$OSPACE$ROPI$EBA8$MICROLIB$REQ8$PRES8$EABIv2 0x00000000   Number         0  anon$$obj.o ABSOLUTE
    __ARM_use_no_argv                        0x00000000   Number         0  main.o ABSOLUTE
    __cpp_initialize__aeabi_                  - Undefined Weak Reference
    __cxa_finalize                            - Undefined Weak Reference
    __decompress                              - Undefined Weak Reference
    _clock_init                               - Undefined Weak Reference
    _microlib_exit                            - Undefined Weak Reference
    __Vectors_Size                           0x00000298   Number         0  startup_stm32h750xx.o ABSOLUTE
    __Vectors                                0x08000000   Data           4  startup_stm32h750xx.o(RESET)
    __Vectors_End                            0x08000298   Data           0  startup_stm32h750xx.o(RESET)
    __main                                   0x08000299   Thumb Code     0  entry.o(.ARM.Collect$$$$00000000)
    _main_stk                                0x08000299   Thumb Code     0  entry2.o(.ARM.Collect$$$$00000001)
    _main_scatterload                        0x0800029d   Thumb Code     0  entry5.o(.ARM.Collect$$$$00000004)
    __main_after_scatterload                 0x080002a1   Thumb Code     0  entry5.o(.ARM.Collect$$$$00000004)
    _main_clock                              0x080002a1   Thumb Code     0  entry7b.o(.ARM.Collect$$$$00000008)
    _main_cpp_init                           0x080002a1   Thumb Code     0  entry8b.o(.ARM.Collect$$$$0000000A)
    _main_init                               0x080002a1   Thumb Code     0  entry9a.o(.ARM.Collect$$$$0000000B)
    __rt_final_cpp                           0x080002a9   Thumb Code     0  entry10a.o(.ARM.Collect$$$$0000000D)
    __rt_final_exit                          0x080002a9   Thumb Code     0  entry11a.o(.ARM.Collect$$$$0000000F)
    Reset_Handler                            0x080002ad   Thumb Code     8  startup_stm32h750xx.o(.text)
    ADC3_IRQHandler                          0x080002c7   Thumb Code     0  startup_stm32h750xx.o(.text)
    ADC_IRQHandler                           0x080002c7   Thumb Code     0  startup_stm32h750xx.o(.text)
    BDMA_Channel0_IRQHandler                 0x080002c7   Thumb Code     0  startup_stm32h750xx.o(.text)
    BDMA_Channel1_IRQHandler                 0x080002c7   Thumb Code     0  startup_stm32h750xx.o(.text)
    BDMA_Channel2_IRQHandler                 0x080002c7   Thumb Code     0  startup_stm32h750xx.o(.text)
    BDMA_Channel3_IRQHandler                 0x080002c7   Thumb Code     0  startup_stm32h750xx.o(.text)
    BDMA_Channel4_IRQHandler                 0x080002c7   Thumb Code     0  startup_stm32h750xx.o(.text)
    BDMA_Channel5_IRQHandler                 0x080002c7   Thumb Code     0  startup_stm32h750xx.o(.text)
    BDMA_Channel6_IRQHandler                 0x080002c7   Thumb Code     0  startup_stm32h750xx.o(.text)
    BDMA_Channel7_IRQHandler                 0x080002c7   Thumb Code     0  startup_stm32h750xx.o(.text)
    CEC_IRQHandler                           0x080002c7   Thumb Code     0  startup_stm32h750xx.o(.text)
    COMP1_IRQHandler                         0x080002c7   Thumb Code     0  startup_stm32h750xx.o(.text)
    CRS_IRQHandler                           0x080002c7   Thumb Code     0  startup_stm32h750xx.o(.text)
    CRYP_IRQHandler                          0x080002c7   Thumb Code     0  startup_stm32h750xx.o(.text)
    DCMI_IRQHandler                          0x080002c7   Thumb Code     0  startup_stm32h750xx.o(.text)
    DFSDM1_FLT0_IRQHandler                   0x080002c7   Thumb Code     0  startup_stm32h750xx.o(.text)
    DFSDM1_FLT1_IRQHandler                   0x080002c7   Thumb Code     0  startup_stm32h750xx.o(.text)
    DFSDM1_FLT2_IRQHandler                   0x080002c7   Thumb Code     0  startup_stm32h750xx.o(.text)
    DFSDM1_FLT3_IRQHandler                   0x080002c7   Thumb Code     0  startup_stm32h750xx.o(.text)
    DMA1_Stream0_IRQHandler                  0x080002c7   Thumb Code     0  startup_stm32h750xx.o(.text)
    DMA1_Stream1_IRQHandler                  0x080002c7   Thumb Code     0  startup_stm32h750xx.o(.text)
    DMA1_Stream2_IRQHandler                  0x080002c7   Thumb Code     0  startup_stm32h750xx.o(.text)
    DMA1_Stream3_IRQHandler                  0x080002c7   Thumb Code     0  startup_stm32h750xx.o(.text)
    DMA1_Stream4_IRQHandler                  0x080002c7   Thumb Code     0  startup_stm32h750xx.o(.text)
    DMA1_Stream6_IRQHandler                  0x080002c7   Thumb Code     0  startup_stm32h750xx.o(.text)
    DMA1_Stream7_IRQHandler                  0x080002c7   Thumb Code     0  startup_stm32h750xx.o(.text)
    DMA2D_IRQHandler                         0x080002c7   Thumb Code     0  startup_stm32h750xx.o(.text)
    DMA2_Stream0_IRQHandler                  0x080002c7   Thumb Code     0  startup_stm32h750xx.o(.text)
    DMA2_Stream1_IRQHandler                  0x080002c7   Thumb Code     0  startup_stm32h750xx.o(.text)
    DMA2_Stream2_IRQHandler                  0x080002c7   Thumb Code     0  startup_stm32h750xx.o(.text)
    DMA2_Stream3_IRQHandler                  0x080002c7   Thumb Code     0  startup_stm32h750xx.o(.text)
    DMA2_Stream4_IRQHandler                  0x080002c7   Thumb Code     0  startup_stm32h750xx.o(.text)
    DMA2_Stream5_IRQHandler                  0x080002c7   Thumb Code     0  startup_stm32h750xx.o(.text)
    DMA2_Stream6_IRQHandler                  0x080002c7   Thumb Code     0  startup_stm32h750xx.o(.text)
    DMA2_Stream7_IRQHandler                  0x080002c7   Thumb Code     0  startup_stm32h750xx.o(.text)
    DMAMUX1_OVR_IRQHandler                   0x080002c7   Thumb Code     0  startup_stm32h750xx.o(.text)
    DMAMUX2_OVR_IRQHandler                   0x080002c7   Thumb Code     0  startup_stm32h750xx.o(.text)
    ECC_IRQHandler                           0x080002c7   Thumb Code     0  startup_stm32h750xx.o(.text)
    ETH_IRQHandler                           0x080002c7   Thumb Code     0  startup_stm32h750xx.o(.text)
    ETH_WKUP_IRQHandler                      0x080002c7   Thumb Code     0  startup_stm32h750xx.o(.text)
    EXTI0_IRQHandler                         0x080002c7   Thumb Code     0  startup_stm32h750xx.o(.text)
    EXTI15_10_IRQHandler                     0x080002c7   Thumb Code     0  startup_stm32h750xx.o(.text)
    EXTI1_IRQHandler                         0x080002c7   Thumb Code     0  startup_stm32h750xx.o(.text)
    EXTI2_IRQHandler                         0x080002c7   Thumb Code     0  startup_stm32h750xx.o(.text)
    EXTI3_IRQHandler                         0x080002c7   Thumb Code     0  startup_stm32h750xx.o(.text)
    EXTI4_IRQHandler                         0x080002c7   Thumb Code     0  startup_stm32h750xx.o(.text)
    EXTI9_5_IRQHandler                       0x080002c7   Thumb Code     0  startup_stm32h750xx.o(.text)
    FDCAN1_IT0_IRQHandler                    0x080002c7   Thumb Code     0  startup_stm32h750xx.o(.text)
    FDCAN1_IT1_IRQHandler                    0x080002c7   Thumb Code     0  startup_stm32h750xx.o(.text)
    FDCAN2_IT0_IRQHandler                    0x080002c7   Thumb Code     0  startup_stm32h750xx.o(.text)
    FDCAN2_IT1_IRQHandler                    0x080002c7   Thumb Code     0  startup_stm32h750xx.o(.text)
    FDCAN_CAL_IRQHandler                     0x080002c7   Thumb Code     0  startup_stm32h750xx.o(.text)
    FLASH_IRQHandler                         0x080002c7   Thumb Code     0  startup_stm32h750xx.o(.text)
    FMC_IRQHandler                           0x080002c7   Thumb Code     0  startup_stm32h750xx.o(.text)
    FPU_IRQHandler                           0x080002c7   Thumb Code     0  startup_stm32h750xx.o(.text)
    HASH_RNG_IRQHandler                      0x080002c7   Thumb Code     0  startup_stm32h750xx.o(.text)
    HRTIM1_FLT_IRQHandler                    0x080002c7   Thumb Code     0  startup_stm32h750xx.o(.text)
    HRTIM1_Master_IRQHandler                 0x080002c7   Thumb Code     0  startup_stm32h750xx.o(.text)
    HRTIM1_TIMA_IRQHandler                   0x080002c7   Thumb Code     0  startup_stm32h750xx.o(.text)
    HRTIM1_TIMB_IRQHandler                   0x080002c7   Thumb Code     0  startup_stm32h750xx.o(.text)
    HRTIM1_TIMC_IRQHandler                   0x080002c7   Thumb Code     0  startup_stm32h750xx.o(.text)
    HRTIM1_TIMD_IRQHandler                   0x080002c7   Thumb Code     0  startup_stm32h750xx.o(.text)
    HRTIM1_TIME_IRQHandler                   0x080002c7   Thumb Code     0  startup_stm32h750xx.o(.text)
    HSEM1_IRQHandler                         0x080002c7   Thumb Code     0  startup_stm32h750xx.o(.text)
    I2C1_ER_IRQHandler                       0x080002c7   Thumb Code     0  startup_stm32h750xx.o(.text)
    I2C1_EV_IRQHandler                       0x080002c7   Thumb Code     0  startup_stm32h750xx.o(.text)
    I2C2_ER_IRQHandler                       0x080002c7   Thumb Code     0  startup_stm32h750xx.o(.text)
    I2C2_EV_IRQHandler                       0x080002c7   Thumb Code     0  startup_stm32h750xx.o(.text)
    I2C3_ER_IRQHandler                       0x080002c7   Thumb Code     0  startup_stm32h750xx.o(.text)
    I2C3_EV_IRQHandler                       0x080002c7   Thumb Code     0  startup_stm32h750xx.o(.text)
    I2C4_ER_IRQHandler                       0x080002c7   Thumb Code     0  startup_stm32h750xx.o(.text)
    I2C4_EV_IRQHandler                       0x080002c7   Thumb Code     0  startup_stm32h750xx.o(.text)
    JPEG_IRQHandler                          0x080002c7   Thumb Code     0  startup_stm32h750xx.o(.text)
    LPTIM1_IRQHandler                        0x080002c7   Thumb Code     0  startup_stm32h750xx.o(.text)
    LPTIM2_IRQHandler                        0x080002c7   Thumb Code     0  startup_stm32h750xx.o(.text)
    LPTIM3_IRQHandler                        0x080002c7   Thumb Code     0  startup_stm32h750xx.o(.text)
    LPTIM4_IRQHandler                        0x080002c7   Thumb Code     0  startup_stm32h750xx.o(.text)
    LPTIM5_IRQHandler                        0x080002c7   Thumb Code     0  startup_stm32h750xx.o(.text)
    LPUART1_IRQHandler                       0x080002c7   Thumb Code     0  startup_stm32h750xx.o(.text)
    LTDC_ER_IRQHandler                       0x080002c7   Thumb Code     0  startup_stm32h750xx.o(.text)
    LTDC_IRQHandler                          0x080002c7   Thumb Code     0  startup_stm32h750xx.o(.text)
    MDIOS_IRQHandler                         0x080002c7   Thumb Code     0  startup_stm32h750xx.o(.text)
    MDIOS_WKUP_IRQHandler                    0x080002c7   Thumb Code     0  startup_stm32h750xx.o(.text)
    MDMA_IRQHandler                          0x080002c7   Thumb Code     0  startup_stm32h750xx.o(.text)
    OTG_FS_EP1_IN_IRQHandler                 0x080002c7   Thumb Code     0  startup_stm32h750xx.o(.text)
    OTG_FS_EP1_OUT_IRQHandler                0x080002c7   Thumb Code     0  startup_stm32h750xx.o(.text)
    OTG_FS_IRQHandler                        0x080002c7   Thumb Code     0  startup_stm32h750xx.o(.text)
    OTG_FS_WKUP_IRQHandler                   0x080002c7   Thumb Code     0  startup_stm32h750xx.o(.text)
    OTG_HS_EP1_IN_IRQHandler                 0x080002c7   Thumb Code     0  startup_stm32h750xx.o(.text)
    OTG_HS_EP1_OUT_IRQHandler                0x080002c7   Thumb Code     0  startup_stm32h750xx.o(.text)
    OTG_HS_IRQHandler                        0x080002c7   Thumb Code     0  startup_stm32h750xx.o(.text)
    OTG_HS_WKUP_IRQHandler                   0x080002c7   Thumb Code     0  startup_stm32h750xx.o(.text)
    PVD_AVD_IRQHandler                       0x080002c7   Thumb Code     0  startup_stm32h750xx.o(.text)
    QUADSPI_IRQHandler                       0x080002c7   Thumb Code     0  startup_stm32h750xx.o(.text)
    RCC_IRQHandler                           0x080002c7   Thumb Code     0  startup_stm32h750xx.o(.text)
    RTC_Alarm_IRQHandler                     0x080002c7   Thumb Code     0  startup_stm32h750xx.o(.text)
    RTC_WKUP_IRQHandler                      0x080002c7   Thumb Code     0  startup_stm32h750xx.o(.text)
    SAI1_IRQHandler                          0x080002c7   Thumb Code     0  startup_stm32h750xx.o(.text)
    SAI2_IRQHandler                          0x080002c7   Thumb Code     0  startup_stm32h750xx.o(.text)
    SAI3_IRQHandler                          0x080002c7   Thumb Code     0  startup_stm32h750xx.o(.text)
    SAI4_IRQHandler                          0x080002c7   Thumb Code     0  startup_stm32h750xx.o(.text)
    SDMMC1_IRQHandler                        0x080002c7   Thumb Code     0  startup_stm32h750xx.o(.text)
    SDMMC2_IRQHandler                        0x080002c7   Thumb Code     0  startup_stm32h750xx.o(.text)
    SPDIF_RX_IRQHandler                      0x080002c7   Thumb Code     0  startup_stm32h750xx.o(.text)
    SPI1_IRQHandler                          0x080002c7   Thumb Code     0  startup_stm32h750xx.o(.text)
    SPI2_IRQHandler                          0x080002c7   Thumb Code     0  startup_stm32h750xx.o(.text)
    SPI3_IRQHandler                          0x080002c7   Thumb Code     0  startup_stm32h750xx.o(.text)
    SPI4_IRQHandler                          0x080002c7   Thumb Code     0  startup_stm32h750xx.o(.text)
    SPI5_IRQHandler                          0x080002c7   Thumb Code     0  startup_stm32h750xx.o(.text)
    SPI6_IRQHandler                          0x080002c7   Thumb Code     0  startup_stm32h750xx.o(.text)
    SWPMI1_IRQHandler                        0x080002c7   Thumb Code     0  startup_stm32h750xx.o(.text)
    TAMP_STAMP_IRQHandler                    0x080002c7   Thumb Code     0  startup_stm32h750xx.o(.text)
    TIM15_IRQHandler                         0x080002c7   Thumb Code     0  startup_stm32h750xx.o(.text)
    TIM16_IRQHandler                         0x080002c7   Thumb Code     0  startup_stm32h750xx.o(.text)
    TIM17_IRQHandler                         0x080002c7   Thumb Code     0  startup_stm32h750xx.o(.text)
    TIM1_BRK_IRQHandler                      0x080002c7   Thumb Code     0  startup_stm32h750xx.o(.text)
    TIM1_CC_IRQHandler                       0x080002c7   Thumb Code     0  startup_stm32h750xx.o(.text)
    TIM1_TRG_COM_IRQHandler                  0x080002c7   Thumb Code     0  startup_stm32h750xx.o(.text)
    TIM1_UP_IRQHandler                       0x080002c7   Thumb Code     0  startup_stm32h750xx.o(.text)
    TIM2_IRQHandler                          0x080002c7   Thumb Code     0  startup_stm32h750xx.o(.text)
    TIM4_IRQHandler                          0x080002c7   Thumb Code     0  startup_stm32h750xx.o(.text)
    TIM5_IRQHandler                          0x080002c7   Thumb Code     0  startup_stm32h750xx.o(.text)
    TIM6_DAC_IRQHandler                      0x080002c7   Thumb Code     0  startup_stm32h750xx.o(.text)
    TIM7_IRQHandler                          0x080002c7   Thumb Code     0  startup_stm32h750xx.o(.text)
    TIM8_BRK_TIM12_IRQHandler                0x080002c7   Thumb Code     0  startup_stm32h750xx.o(.text)
    TIM8_CC_IRQHandler                       0x080002c7   Thumb Code     0  startup_stm32h750xx.o(.text)
    TIM8_TRG_COM_TIM14_IRQHandler            0x080002c7   Thumb Code     0  startup_stm32h750xx.o(.text)
    TIM8_UP_TIM13_IRQHandler                 0x080002c7   Thumb Code     0  startup_stm32h750xx.o(.text)
    UART4_IRQHandler                         0x080002c7   Thumb Code     0  startup_stm32h750xx.o(.text)
    UART5_IRQHandler                         0x080002c7   Thumb Code     0  startup_stm32h750xx.o(.text)
    UART7_IRQHandler                         0x080002c7   Thumb Code     0  startup_stm32h750xx.o(.text)
    UART8_IRQHandler                         0x080002c7   Thumb Code     0  startup_stm32h750xx.o(.text)
    USART1_IRQHandler                        0x080002c7   Thumb Code     0  startup_stm32h750xx.o(.text)
    USART2_IRQHandler                        0x080002c7   Thumb Code     0  startup_stm32h750xx.o(.text)
    USART3_IRQHandler                        0x080002c7   Thumb Code     0  startup_stm32h750xx.o(.text)
    USART6_IRQHandler                        0x080002c7   Thumb Code     0  startup_stm32h750xx.o(.text)
    WAKEUP_PIN_IRQHandler                    0x080002c7   Thumb Code     0  startup_stm32h750xx.o(.text)
    WWDG_IRQHandler                          0x080002c7   Thumb Code     0  startup_stm32h750xx.o(.text)
    __aeabi_uldivmod                         0x080002d1   Thumb Code    98  uldiv.o(.text)
    __aeabi_memset                           0x08000333   Thumb Code    14  memseta.o(.text)
    __aeabi_memset4                          0x08000333   Thumb Code     0  memseta.o(.text)
    __aeabi_memset8                          0x08000333   Thumb Code     0  memseta.o(.text)
    __aeabi_memclr                           0x08000341   Thumb Code     4  memseta.o(.text)
    __aeabi_memclr4                          0x08000341   Thumb Code     0  memseta.o(.text)
    __aeabi_memclr8                          0x08000341   Thumb Code     0  memseta.o(.text)
    _memset$wrapper                          0x08000345   Thumb Code    18  memseta.o(.text)
    __aeabi_llsl                             0x08000357   Thumb Code    30  llshl.o(.text)
    _ll_shift_l                              0x08000357   Thumb Code     0  llshl.o(.text)
    __aeabi_llsr                             0x08000375   Thumb Code    32  llushr.o(.text)
    _ll_ushift_r                             0x08000375   Thumb Code     0  llushr.o(.text)
    __scatterload                            0x08000395   Thumb Code    28  init.o(.text)
    __scatterload_rt2                        0x08000395   Thumb Code     0  init.o(.text)
    BusFault_Handler                         0x080003b9   Thumb Code     2  stm32h7xx_it.o(i.BusFault_Handler)
    DMA1_Stream5_IRQHandler                  0x080003bd   Thumb Code     6  stm32h7xx_it.o(i.DMA1_Stream5_IRQHandler)
    DebugMon_Handler                         0x08000801   Thumb Code     2  stm32h7xx_it.o(i.DebugMon_Handler)
    Decimal_TO_Binary                        0x08000805   Thumb Code   146  ws2812.o(i.Decimal_TO_Binary)
    Error_Handler                            0x080008a1   Thumb Code     4  main.o(i.Error_Handler)
    FMC_SDRAM_Init                           0x080008a5   Thumb Code   106  stm32h7xx_ll_fmc.o(i.FMC_SDRAM_Init)
    FMC_SDRAM_ProgramRefreshRate             0x0800090f   Thumb Code    18  stm32h7xx_ll_fmc.o(i.FMC_SDRAM_ProgramRefreshRate)
    FMC_SDRAM_SendCommand                    0x08000921   Thumb Code    36  stm32h7xx_ll_fmc.o(i.FMC_SDRAM_SendCommand)
    FMC_SDRAM_Timing_Init                    0x08000945   Thumb Code   164  stm32h7xx_ll_fmc.o(i.FMC_SDRAM_Timing_Init)
    HAL_DMA_Abort_IT                         0x080009f5   Thumb Code   602  stm32h7xx_hal_dma.o(i.HAL_DMA_Abort_IT)
    HAL_DMA_IRQHandler                       0x08000c79   Thumb Code  1762  stm32h7xx_hal_dma.o(i.HAL_DMA_IRQHandler)
    HAL_DMA_Init                             0x08001369   Thumb Code   926  stm32h7xx_hal_dma.o(i.HAL_DMA_Init)
    HAL_DMA_Start_IT                         0x0800172d   Thumb Code   626  stm32h7xx_hal_dma.o(i.HAL_DMA_Start_IT)
    HAL_Delay                                0x080019c9   Thumb Code    32  stm32h7xx_hal.o(i.HAL_Delay)
    HAL_GPIO_Init                            0x08001aa9   Thumb Code   510  stm32h7xx_hal_gpio.o(i.HAL_GPIO_Init)
    HAL_GPIO_WritePin                        0x08001cd9   Thumb Code    10  stm32h7xx_hal_gpio.o(i.HAL_GPIO_WritePin)
    HAL_GetREVID                             0x08001ce5   Thumb Code     8  stm32h7xx_hal.o(i.HAL_GetREVID)
    HAL_GetTick                              0x08001cf1   Thumb Code     6  stm32h7xx_hal.o(i.HAL_GetTick)
    HAL_IncTick                              0x08001cfd   Thumb Code    12  stm32h7xx_hal.o(i.HAL_IncTick)
    HAL_Init                                 0x08001d0d   Thumb Code    74  stm32h7xx_hal.o(i.HAL_Init)
    HAL_InitTick                             0x08001d69   Thumb Code    56  stm32h7xx_hal.o(i.HAL_InitTick)
    HAL_MspInit                              0x08001da9   Thumb Code    22  stm32h7xx_hal_msp.o(i.HAL_MspInit)
    HAL_NVIC_EnableIRQ                       0x08001dc5   Thumb Code    26  stm32h7xx_hal_cortex.o(i.HAL_NVIC_EnableIRQ)
    HAL_NVIC_SetPriority                     0x08001de1   Thumb Code    60  stm32h7xx_hal_cortex.o(i.HAL_NVIC_SetPriority)
    HAL_NVIC_SetPriorityGrouping             0x08001e21   Thumb Code    28  stm32h7xx_hal_cortex.o(i.HAL_NVIC_SetPriorityGrouping)
    HAL_PWREx_ConfigSupply                   0x08001e45   Thumb Code    78  stm32h7xx_hal_pwr_ex.o(i.HAL_PWREx_ConfigSupply)
    HAL_QSPI_Init                            0x08001e99   Thumb Code   162  stm32h7xx_hal_qspi.o(i.HAL_QSPI_Init)
    HAL_QSPI_MspInit                         0x08001f45   Thumb Code   154  quadspi.o(i.HAL_QSPI_MspInit)
    HAL_RCCEx_GetD3PCLK1Freq                 0x08001ff1   Thumb Code    26  stm32h7xx_hal_rcc_ex.o(i.HAL_RCCEx_GetD3PCLK1Freq)
    HAL_RCCEx_GetPLL2ClockFreq               0x08002015   Thumb Code   296  stm32h7xx_hal_rcc_ex.o(i.HAL_RCCEx_GetPLL2ClockFreq)
    HAL_RCCEx_GetPLL3ClockFreq               0x08002159   Thumb Code   296  stm32h7xx_hal_rcc_ex.o(i.HAL_RCCEx_GetPLL3ClockFreq)
    HAL_RCCEx_PeriphCLKConfig                0x0800229d   Thumb Code  2234  stm32h7xx_hal_rcc_ex.o(i.HAL_RCCEx_PeriphCLKConfig)
    HAL_RCC_ClockConfig                      0x08002b59   Thumb Code   580  stm32h7xx_hal_rcc.o(i.HAL_RCC_ClockConfig)
    HAL_RCC_GetHCLKFreq                      0x08002db5   Thumb Code    52  stm32h7xx_hal_rcc.o(i.HAL_RCC_GetHCLKFreq)
    HAL_RCC_GetPCLK1Freq                     0x08002df9   Thumb Code    26  stm32h7xx_hal_rcc.o(i.HAL_RCC_GetPCLK1Freq)
    HAL_RCC_GetPCLK2Freq                     0x08002e1d   Thumb Code    26  stm32h7xx_hal_rcc.o(i.HAL_RCC_GetPCLK2Freq)
    HAL_RCC_GetSysClockFreq                  0x08002e41   Thumb Code   278  stm32h7xx_hal_rcc.o(i.HAL_RCC_GetSysClockFreq)
    HAL_RCC_OscConfig                        0x08002f79   Thumb Code  1282  stm32h7xx_hal_rcc.o(i.HAL_RCC_OscConfig)
    HAL_SDRAM_Init                           0x08003481   Thumb Code    76  stm32h7xx_hal_sdram.o(i.HAL_SDRAM_Init)
    HAL_SDRAM_MspInit                        0x080034d1   Thumb Code     4  fmc.o(i.HAL_SDRAM_MspInit)
    HAL_SDRAM_ProgramRefreshRate             0x080034d5   Thumb Code    46  stm32h7xx_hal_sdram.o(i.HAL_SDRAM_ProgramRefreshRate)
    HAL_SDRAM_SendCommand                    0x08003505   Thumb Code    60  stm32h7xx_hal_sdram.o(i.HAL_SDRAM_SendCommand)
    HAL_SYSTICK_Config                       0x08003541   Thumb Code    38  stm32h7xx_hal_cortex.o(i.HAL_SYSTICK_Config)
    HAL_TIMEx_Break2Callback                 0x08003567   Thumb Code     2  stm32h7xx_hal_tim_ex.o(i.HAL_TIMEx_Break2Callback)
    HAL_TIMEx_BreakCallback                  0x08003569   Thumb Code     2  stm32h7xx_hal_tim_ex.o(i.HAL_TIMEx_BreakCallback)
    HAL_TIMEx_CommutCallback                 0x0800356b   Thumb Code     2  stm32h7xx_hal_tim_ex.o(i.HAL_TIMEx_CommutCallback)
    HAL_TIMEx_MasterConfigSynchronization    0x0800356d   Thumb Code   128  stm32h7xx_hal_tim_ex.o(i.HAL_TIMEx_MasterConfigSynchronization)
    HAL_TIM_Base_Init                        0x08003605   Thumb Code    98  stm32h7xx_hal_tim.o(i.HAL_TIM_Base_Init)
    HAL_TIM_Base_MspInit                     0x08003669   Thumb Code    50  tim.o(i.HAL_TIM_Base_MspInit)
    HAL_TIM_Base_Start_IT                    0x080036a5   Thumb Code    58  stm32h7xx_hal_tim.o(i.HAL_TIM_Base_Start_IT)
    HAL_TIM_ConfigClockSource                0x080036e5   Thumb Code   242  stm32h7xx_hal_tim.o(i.HAL_TIM_ConfigClockSource)
    HAL_TIM_ErrorCallback                    0x080037dd   Thumb Code     2  stm32h7xx_hal_tim.o(i.HAL_TIM_ErrorCallback)
    HAL_TIM_IC_CaptureCallback               0x080037df   Thumb Code     2  stm32h7xx_hal_tim.o(i.HAL_TIM_IC_CaptureCallback)
    HAL_TIM_IRQHandler                       0x080037e1   Thumb Code   386  stm32h7xx_hal_tim.o(i.HAL_TIM_IRQHandler)
    HAL_TIM_MspPostInit                      0x08003965   Thumb Code    72  tim.o(i.HAL_TIM_MspPostInit)
    HAL_TIM_OC_DelayElapsedCallback          0x080039b5   Thumb Code     2  stm32h7xx_hal_tim.o(i.HAL_TIM_OC_DelayElapsedCallback)
    HAL_TIM_PWM_ConfigChannel                0x080039b7   Thumb Code   286  stm32h7xx_hal_tim.o(i.HAL_TIM_PWM_ConfigChannel)
    HAL_TIM_PWM_Init                         0x08003ad5   Thumb Code    98  stm32h7xx_hal_tim.o(i.HAL_TIM_PWM_Init)
    HAL_TIM_PWM_MspInit                      0x08003b39   Thumb Code    86  tim.o(i.HAL_TIM_PWM_MspInit)
    HAL_TIM_PWM_PulseFinishedCallback        0x08003b9d   Thumb Code     8  ws2812.o(i.HAL_TIM_PWM_PulseFinishedCallback)
    HAL_TIM_PWM_PulseFinishedHalfCpltCallback 0x08003ba9   Thumb Code     2  stm32h7xx_hal_tim.o(i.HAL_TIM_PWM_PulseFinishedHalfCpltCallback)
    HAL_TIM_PWM_Start_DMA                    0x08003bad   Thumb Code   420  stm32h7xx_hal_tim.o(i.HAL_TIM_PWM_Start_DMA)
    HAL_TIM_PWM_Stop_DMA                     0x08003d75   Thumb Code   224  stm32h7xx_hal_tim.o(i.HAL_TIM_PWM_Stop_DMA)
    HAL_TIM_PeriodElapsedCallback            0x08003e69   Thumb Code    56  tim.o(i.HAL_TIM_PeriodElapsedCallback)
    HAL_TIM_TriggerCallback                  0x08003ea9   Thumb Code     2  stm32h7xx_hal_tim.o(i.HAL_TIM_TriggerCallback)
    HAL_UARTEx_DisableFifoMode               0x08003eab   Thumb Code    64  stm32h7xx_hal_uart_ex.o(i.HAL_UARTEx_DisableFifoMode)
    HAL_UARTEx_SetRxFifoThreshold            0x08003eeb   Thumb Code    76  stm32h7xx_hal_uart_ex.o(i.HAL_UARTEx_SetRxFifoThreshold)
    HAL_UARTEx_SetTxFifoThreshold            0x08003f37   Thumb Code    76  stm32h7xx_hal_uart_ex.o(i.HAL_UARTEx_SetTxFifoThreshold)
    HAL_UART_Init                            0x08003f83   Thumb Code   106  stm32h7xx_hal_uart.o(i.HAL_UART_Init)
    HAL_UART_MspInit                         0x08003fed   Thumb Code   126  usart.o(i.HAL_UART_MspInit)
    HAL_UART_Transmit                        0x0800407d   Thumb Code   190  stm32h7xx_hal_uart.o(i.HAL_UART_Transmit)
    HardFault_Handler                        0x0800413b   Thumb Code     2  stm32h7xx_it.o(i.HardFault_Handler)
    LED_Cleared_SET                          0x0800413d   Thumb Code    50  ws2812.o(i.LED_Cleared_SET)
    MX_DMA_Init                              0x08004179   Thumb Code    40  dma.o(i.MX_DMA_Init)
    MX_FMC_Init                              0x080041a5   Thumb Code    94  fmc.o(i.MX_FMC_Init)
    MX_GPIO_Init                             0x0800420d   Thumb Code   236  gpio.o(i.MX_GPIO_Init)
    MX_QUADSPI_Init                          0x08004309   Thumb Code    48  quadspi.o(i.MX_QUADSPI_Init)
    MX_TIM2_Init                             0x08004341   Thumb Code   106  tim.o(i.MX_TIM2_Init)
    MX_TIM3_Init                             0x080043b1   Thumb Code    96  tim.o(i.MX_TIM3_Init)
    MX_UART4_Init                            0x08004419   Thumb Code    94  usart.o(i.MX_UART4_Init)
    MemManage_Handler                        0x08004481   Thumb Code     2  stm32h7xx_it.o(i.MemManage_Handler)
    NMI_Handler                              0x08004483   Thumb Code     2  stm32h7xx_it.o(i.NMI_Handler)
    PendSV_Handler                           0x08004485   Thumb Code     2  stm32h7xx_it.o(i.PendSV_Handler)
    SDRAM_Init                               0x08004711   Thumb Code   122  sdram.o(i.SDRAM_Init)
    SVC_Handler                              0x08004795   Thumb Code     2  stm32h7xx_it.o(i.SVC_Handler)
    SysTick_Handler                          0x08004797   Thumb Code     4  stm32h7xx_it.o(i.SysTick_Handler)
    SystemClock_Config                       0x0800479d   Thumb Code   188  main.o(i.SystemClock_Config)
    SystemInit                               0x08004865   Thumb Code   188  system_stm32h7xx.o(i.SystemInit)
    TIM3_IRQHandler                          0x08004949   Thumb Code     6  stm32h7xx_it.o(i.TIM3_IRQHandler)
    TIM_Base_SetConfig                       0x08004955   Thumb Code   162  stm32h7xx_hal_tim.o(i.TIM_Base_SetConfig)
    TIM_CCxChannelCmd                        0x08004a19   Thumb Code    26  stm32h7xx_hal_tim.o(i.TIM_CCxChannelCmd)
    TIM_DMADelayPulseHalfCplt                0x08004a91   Thumb Code    56  stm32h7xx_hal_tim.o(i.TIM_DMADelayPulseHalfCplt)
    TIM_DMAError                             0x08004ac9   Thumb Code    84  stm32h7xx_hal_tim.o(i.TIM_DMAError)
    TIM_ETR_SetConfig                        0x08004b1d   Thumb Code    18  stm32h7xx_hal_tim.o(i.TIM_ETR_SetConfig)
    TIM_OC2_SetConfig                        0x08004bed   Thumb Code   126  stm32h7xx_hal_tim.o(i.TIM_OC2_SetConfig)
    UART_AdvFeatureConfig                    0x08004f01   Thumb Code   200  stm32h7xx_hal_uart.o(i.UART_AdvFeatureConfig)
    UART_CheckIdleState                      0x08004fc9   Thumb Code    94  stm32h7xx_hal_uart.o(i.UART_CheckIdleState)
    UART_SetConfig                           0x08005029   Thumb Code   878  stm32h7xx_hal_uart.o(i.UART_SetConfig)
    UART_WaitOnFlagUntilTimeout              0x080053d9   Thumb Code   164  stm32h7xx_hal_uart.o(i.UART_WaitOnFlagUntilTimeout)
    UsageFault_Handler                       0x0800547d   Thumb Code     2  stm32h7xx_it.o(i.UsageFault_Handler)
    WS2812_Init                              0x08005481   Thumb Code    58  ws2812.o(i.WS2812_Init)
    WS2812_OLL_slake                         0x080054c1   Thumb Code    26  ws2812.o(i.WS2812_OLL_slake)
    WS2812_PUT_SET_LED                       0x080054dd   Thumb Code   122  ws2812.o(i.WS2812_PUT_SET_LED)
    WS2812_PUT_SET_LED_colour                0x08005561   Thumb Code   118  ws2812.o(i.WS2812_PUT_SET_LED_colour)
    WS2812_Return_HZ                         0x080055e1   Thumb Code     6  ws2812.o(i.WS2812_Return_HZ)
    __0printf$bare                           0x080055ed   Thumb Code     8  printfb.o(i.__0printf$bare)
    __1printf$bare                           0x080055ed   Thumb Code     0  printfb.o(i.__0printf$bare)
    __2printf                                0x080055ed   Thumb Code     0  printfb.o(i.__0printf$bare)
    __scatterload_copy                       0x0800561f   Thumb Code    14  handlers.o(i.__scatterload_copy)
    __scatterload_null                       0x0800562d   Thumb Code     2  handlers.o(i.__scatterload_null)
    __scatterload_zeroinit                   0x0800562f   Thumb Code    14  handlers.o(i.__scatterload_zeroinit)
    bsp_TestExtSDRAM                         0x08005661   Thumb Code   156  main.o(i.bsp_TestExtSDRAM)
    fputc                                    0x08005709   Thumb Code    20  usart.o(i.fputc)
    main                                     0x08005721   Thumb Code   174  main.o(i.main)
    ws2812_SET_Bri                           0x0800582d   Thumb Code     6  ws2812.o(i.ws2812_SET_Bri)
    ws2812_send                              0x08005839   Thumb Code    92  ws2812.o(i.ws2812_send)
    ws2812_send_ONE                          0x080058a1   Thumb Code     4  ws2812.o(i.ws2812_send_ONE)
    UARTPrescTable                           0x080058ac   Data          24  stm32h7xx_hal_uart.o(.constdata)
    D1CorePrescTable                         0x080058c4   Data          16  system_stm32h7xx.o(.constdata)
    Region$$Table$$Base                      0x080058d4   Number         0  anon$$obj.o(Region$$Table)
    Region$$Table$$Limit                     0x080058f4   Number         0  anon$$obj.o(Region$$Table)
    num                                      0x24000000   Data           4  ws2812.o(.data)
    RED                                      0x24000004   Data           8  ws2812.o(.data)
    BLUE                                     0x2400000c   Data           8  ws2812.o(.data)
    GREEN                                    0x24000014   Data           8  ws2812.o(.data)
    uwTickFreq                               0x24000028   Data           1  stm32h7xx_hal.o(.data)
    uwTickPrio                               0x2400002c   Data           4  stm32h7xx_hal.o(.data)
    uwTick                                   0x24000030   Data           4  stm32h7xx_hal.o(.data)
    SystemCoreClock                          0x24000034   Data           4  system_stm32h7xx.o(.data)
    SystemD2Clock                            0x24000038   Data           4  system_stm32h7xx.o(.data)
    __stdout                                 0x2400003c   Data           4  stdout.o(.data)
    LED_OUT                                  0x24000040   Data       12288  ws2812.o(.bss)
    LED_DATA                                 0x24003040   Data         784  ws2812.o(.bss)
    WS2812_1                                 0x24003350   Data          48  ws2812.o(.bss)
    hsdram1                                  0x24003390   Data          52  fmc.o(.bss)
    hqspi                                    0x240033c4   Data          76  quadspi.o(.bss)
    htim2                                    0x24003410   Data          76  tim.o(.bss)
    htim3                                    0x2400345c   Data          76  tim.o(.bss)
    hdma_tim2_ch1                            0x240034a8   Data         120  tim.o(.bss)
    huart4                                   0x24003520   Data         140  usart.o(.bss)
    __initial_sp                             0x240039b0   Data           0  startup_stm32h750xx.o(STACK)



==============================================================================

Memory Map of the image

  Image Entry point : 0x08000299

  Load Region LR_IROM1 (Base: 0x08000000, Size: 0x00005934, Max: 0x00020000, ABSOLUTE)

    Execution Region ER_IROM1 (Exec base: 0x08000000, Load base: 0x08000000, Size: 0x000058f4, Max: 0x00020000, ABSOLUTE)

    Exec Addr    Load Addr    Size         Type   Attr      Idx    E Section Name        Object

    0x08000000   0x08000000   0x00000298   Data   RO            3    RESET               startup_stm32h750xx.o
    0x08000298   0x08000298   0x00000000   Code   RO         5359  * .ARM.Collect$$$$00000000  mc_w.l(entry.o)
    0x08000298   0x08000298   0x00000004   Code   RO         5626    .ARM.Collect$$$$00000001  mc_w.l(entry2.o)
    0x0800029c   0x0800029c   0x00000004   Code   RO         5629    .ARM.Collect$$$$00000004  mc_w.l(entry5.o)
    0x080002a0   0x080002a0   0x00000000   Code   RO         5631    .ARM.Collect$$$$00000008  mc_w.l(entry7b.o)
    0x080002a0   0x080002a0   0x00000000   Code   RO         5633    .ARM.Collect$$$$0000000A  mc_w.l(entry8b.o)
    0x080002a0   0x080002a0   0x00000008   Code   RO         5634    .ARM.Collect$$$$0000000B  mc_w.l(entry9a.o)
    0x080002a8   0x080002a8   0x00000000   Code   RO         5636    .ARM.Collect$$$$0000000D  mc_w.l(entry10a.o)
    0x080002a8   0x080002a8   0x00000000   Code   RO         5638    .ARM.Collect$$$$0000000F  mc_w.l(entry11a.o)
    0x080002a8   0x080002a8   0x00000004   Code   RO         5627    .ARM.Collect$$$$00002712  mc_w.l(entry2.o)
    0x080002ac   0x080002ac   0x00000024   Code   RO            4    .text               startup_stm32h750xx.o
    0x080002d0   0x080002d0   0x00000062   Code   RO         5362    .text               mc_w.l(uldiv.o)
    0x08000332   0x08000332   0x00000024   Code   RO         5364    .text               mc_w.l(memseta.o)
    0x08000356   0x08000356   0x0000001e   Code   RO         5643    .text               mc_w.l(llshl.o)
    0x08000374   0x08000374   0x00000020   Code   RO         5645    .text               mc_w.l(llushr.o)
    0x08000394   0x08000394   0x00000024   Code   RO         5658    .text               mc_w.l(init.o)
    0x080003b8   0x080003b8   0x00000002   Code   RO          648    i.BusFault_Handler  stm32h7xx_it.o
    0x080003ba   0x080003ba   0x00000002   PAD
    0x080003bc   0x080003bc   0x0000000c   Code   RO          649    i.DMA1_Stream5_IRQHandler  stm32h7xx_it.o
    0x080003c8   0x080003c8   0x000000b4   Code   RO         1631    i.DMA_CalcBaseAndBitshift  stm32h7xx_hal_dma.o
    0x0800047c   0x0800047c   0x0000009c   Code   RO         1632    i.DMA_CalcDMAMUXChannelBaseAndMask  stm32h7xx_hal_dma.o
    0x08000518   0x08000518   0x00000074   Code   RO         1633    i.DMA_CalcDMAMUXRequestGenBaseAndMask  stm32h7xx_hal_dma.o
    0x0800058c   0x0800058c   0x00000054   Code   RO         1634    i.DMA_CheckFifoParam  stm32h7xx_hal_dma.o
    0x080005e0   0x080005e0   0x00000220   Code   RO         1635    i.DMA_SetConfig     stm32h7xx_hal_dma.o
    0x08000800   0x08000800   0x00000002   Code   RO          650    i.DebugMon_Handler  stm32h7xx_it.o
    0x08000802   0x08000802   0x00000002   PAD
    0x08000804   0x08000804   0x0000009c   Code   RO           13    i.Decimal_TO_Binary  ws2812.o
    0x080008a0   0x080008a0   0x00000004   Code   RO          307    i.Error_Handler     main.o
    0x080008a4   0x080008a4   0x0000006a   Code   RO         3277    i.FMC_SDRAM_Init    stm32h7xx_ll_fmc.o
    0x0800090e   0x0800090e   0x00000012   Code   RO         3278    i.FMC_SDRAM_ProgramRefreshRate  stm32h7xx_ll_fmc.o
    0x08000920   0x08000920   0x00000024   Code   RO         3279    i.FMC_SDRAM_SendCommand  stm32h7xx_ll_fmc.o
    0x08000944   0x08000944   0x000000b0   Code   RO         3281    i.FMC_SDRAM_Timing_Init  stm32h7xx_ll_fmc.o
    0x080009f4   0x080009f4   0x00000284   Code   RO         1637    i.HAL_DMA_Abort_IT  stm32h7xx_hal_dma.o
    0x08000c78   0x08000c78   0x000006f0   Code   RO         1641    i.HAL_DMA_IRQHandler  stm32h7xx_hal_dma.o
    0x08001368   0x08001368   0x000003c4   Code   RO         1642    i.HAL_DMA_Init      stm32h7xx_hal_dma.o
    0x0800172c   0x0800172c   0x0000029c   Code   RO         1646    i.HAL_DMA_Start_IT  stm32h7xx_hal_dma.o
    0x080019c8   0x080019c8   0x00000024   Code   RO         2345    i.HAL_Delay         stm32h7xx_hal.o
    0x080019ec   0x080019ec   0x000000bc   Code   RO          421    i.HAL_FMC_MspInit   fmc.o
    0x08001aa8   0x08001aa8   0x00000230   Code   RO         1484    i.HAL_GPIO_Init     stm32h7xx_hal_gpio.o
    0x08001cd8   0x08001cd8   0x0000000a   Code   RO         1488    i.HAL_GPIO_WritePin  stm32h7xx_hal_gpio.o
    0x08001ce2   0x08001ce2   0x00000002   PAD
    0x08001ce4   0x08001ce4   0x0000000c   Code   RO         2360    i.HAL_GetREVID      stm32h7xx_hal.o
    0x08001cf0   0x08001cf0   0x0000000c   Code   RO         2361    i.HAL_GetTick       stm32h7xx_hal.o
    0x08001cfc   0x08001cfc   0x00000010   Code   RO         2367    i.HAL_IncTick       stm32h7xx_hal.o
    0x08001d0c   0x08001d0c   0x0000005c   Code   RO         2368    i.HAL_Init          stm32h7xx_hal.o
    0x08001d68   0x08001d68   0x00000040   Code   RO         2369    i.HAL_InitTick      stm32h7xx_hal.o
    0x08001da8   0x08001da8   0x0000001c   Code   RO          736    i.HAL_MspInit       stm32h7xx_hal_msp.o
    0x08001dc4   0x08001dc4   0x0000001a   Code   RO          766    i.HAL_NVIC_EnableIRQ  stm32h7xx_hal_cortex.o
    0x08001dde   0x08001dde   0x00000002   PAD
    0x08001de0   0x08001de0   0x00000040   Code   RO          772    i.HAL_NVIC_SetPriority  stm32h7xx_hal_cortex.o
    0x08001e20   0x08001e20   0x00000024   Code   RO          773    i.HAL_NVIC_SetPriorityGrouping  stm32h7xx_hal_cortex.o
    0x08001e44   0x08001e44   0x00000054   Code   RO         2085    i.HAL_PWREx_ConfigSupply  stm32h7xx_hal_pwr_ex.o
    0x08001e98   0x08001e98   0x000000ac   Code   RO         3598    i.HAL_QSPI_Init     stm32h7xx_hal_qspi.o
    0x08001f44   0x08001f44   0x000000ac   Code   RO          470    i.HAL_QSPI_MspInit  quadspi.o
    0x08001ff0   0x08001ff0   0x00000024   Code   RO         1127    i.HAL_RCCEx_GetD3PCLK1Freq  stm32h7xx_hal_rcc_ex.o
    0x08002014   0x08002014   0x00000144   Code   RO         1129    i.HAL_RCCEx_GetPLL2ClockFreq  stm32h7xx_hal_rcc_ex.o
    0x08002158   0x08002158   0x00000144   Code   RO         1130    i.HAL_RCCEx_GetPLL3ClockFreq  stm32h7xx_hal_rcc_ex.o
    0x0800229c   0x0800229c   0x000008ba   Code   RO         1136    i.HAL_RCCEx_PeriphCLKConfig  stm32h7xx_hal_rcc_ex.o
    0x08002b56   0x08002b56   0x00000002   PAD
    0x08002b58   0x08002b58   0x0000025c   Code   RO         1008    i.HAL_RCC_ClockConfig  stm32h7xx_hal_rcc.o
    0x08002db4   0x08002db4   0x00000044   Code   RO         1013    i.HAL_RCC_GetHCLKFreq  stm32h7xx_hal_rcc.o
    0x08002df8   0x08002df8   0x00000024   Code   RO         1015    i.HAL_RCC_GetPCLK1Freq  stm32h7xx_hal_rcc.o
    0x08002e1c   0x08002e1c   0x00000024   Code   RO         1016    i.HAL_RCC_GetPCLK2Freq  stm32h7xx_hal_rcc.o
    0x08002e40   0x08002e40   0x00000138   Code   RO         1017    i.HAL_RCC_GetSysClockFreq  stm32h7xx_hal_rcc.o
    0x08002f78   0x08002f78   0x00000508   Code   RO         1020    i.HAL_RCC_OscConfig  stm32h7xx_hal_rcc.o
    0x08003480   0x08003480   0x00000050   Code   RO         3418    i.HAL_SDRAM_Init    stm32h7xx_hal_sdram.o
    0x080034d0   0x080034d0   0x00000004   Code   RO          423    i.HAL_SDRAM_MspInit  fmc.o
    0x080034d4   0x080034d4   0x0000002e   Code   RO         3421    i.HAL_SDRAM_ProgramRefreshRate  stm32h7xx_hal_sdram.o
    0x08003502   0x08003502   0x00000002   PAD
    0x08003504   0x08003504   0x0000003c   Code   RO         3427    i.HAL_SDRAM_SendCommand  stm32h7xx_hal_sdram.o
    0x08003540   0x08003540   0x00000026   Code   RO          777    i.HAL_SYSTICK_Config  stm32h7xx_hal_cortex.o
    0x08003566   0x08003566   0x00000002   Code   RO         4539    i.HAL_TIMEx_Break2Callback  stm32h7xx_hal_tim_ex.o
    0x08003568   0x08003568   0x00000002   Code   RO         4540    i.HAL_TIMEx_BreakCallback  stm32h7xx_hal_tim_ex.o
    0x0800356a   0x0800356a   0x00000002   Code   RO         4541    i.HAL_TIMEx_CommutCallback  stm32h7xx_hal_tim_ex.o
    0x0800356c   0x0800356c   0x00000098   Code   RO         4561    i.HAL_TIMEx_MasterConfigSynchronization  stm32h7xx_hal_tim_ex.o
    0x08003604   0x08003604   0x00000062   Code   RO         3825    i.HAL_TIM_Base_Init  stm32h7xx_hal_tim.o
    0x08003666   0x08003666   0x00000002   PAD
    0x08003668   0x08003668   0x0000003c   Code   RO          512    i.HAL_TIM_Base_MspInit  tim.o
    0x080036a4   0x080036a4   0x00000040   Code   RO         3830    i.HAL_TIM_Base_Start_IT  stm32h7xx_hal_tim.o
    0x080036e4   0x080036e4   0x000000f8   Code   RO         3834    i.HAL_TIM_ConfigClockSource  stm32h7xx_hal_tim.o
    0x080037dc   0x080037dc   0x00000002   Code   RO         3855    i.HAL_TIM_ErrorCallback  stm32h7xx_hal_tim.o
    0x080037de   0x080037de   0x00000002   Code   RO         3859    i.HAL_TIM_IC_CaptureCallback  stm32h7xx_hal_tim.o
    0x080037e0   0x080037e0   0x00000182   Code   RO         3873    i.HAL_TIM_IRQHandler  stm32h7xx_hal_tim.o
    0x08003962   0x08003962   0x00000002   PAD
    0x08003964   0x08003964   0x00000050   Code   RO          513    i.HAL_TIM_MspPostInit  tim.o
    0x080039b4   0x080039b4   0x00000002   Code   RO         3876    i.HAL_TIM_OC_DelayElapsedCallback  stm32h7xx_hal_tim.o
    0x080039b6   0x080039b6   0x0000011e   Code   RO         3897    i.HAL_TIM_PWM_ConfigChannel  stm32h7xx_hal_tim.o
    0x08003ad4   0x08003ad4   0x00000062   Code   RO         3900    i.HAL_TIM_PWM_Init  stm32h7xx_hal_tim.o
    0x08003b36   0x08003b36   0x00000002   PAD
    0x08003b38   0x08003b38   0x00000064   Code   RO          515    i.HAL_TIM_PWM_MspInit  tim.o
    0x08003b9c   0x08003b9c   0x0000000c   Code   RO           14    i.HAL_TIM_PWM_PulseFinishedCallback  ws2812.o
    0x08003ba8   0x08003ba8   0x00000002   Code   RO         3904    i.HAL_TIM_PWM_PulseFinishedHalfCpltCallback  stm32h7xx_hal_tim.o
    0x08003baa   0x08003baa   0x00000002   PAD
    0x08003bac   0x08003bac   0x000001c8   Code   RO         3906    i.HAL_TIM_PWM_Start_DMA  stm32h7xx_hal_tim.o
    0x08003d74   0x08003d74   0x000000f4   Code   RO         3909    i.HAL_TIM_PWM_Stop_DMA  stm32h7xx_hal_tim.o
    0x08003e68   0x08003e68   0x00000040   Code   RO          516    i.HAL_TIM_PeriodElapsedCallback  tim.o
    0x08003ea8   0x08003ea8   0x00000002   Code   RO         3916    i.HAL_TIM_TriggerCallback  stm32h7xx_hal_tim.o
    0x08003eaa   0x08003eaa   0x00000040   Code   RO         5232    i.HAL_UARTEx_DisableFifoMode  stm32h7xx_hal_uart_ex.o
    0x08003eea   0x08003eea   0x0000004c   Code   RO         5237    i.HAL_UARTEx_SetRxFifoThreshold  stm32h7xx_hal_uart_ex.o
    0x08003f36   0x08003f36   0x0000004c   Code   RO         5238    i.HAL_UARTEx_SetTxFifoThreshold  stm32h7xx_hal_uart_ex.o
    0x08003f82   0x08003f82   0x0000006a   Code   RO         4858    i.HAL_UART_Init     stm32h7xx_hal_uart.o
    0x08003fec   0x08003fec   0x00000090   Code   RO          585    i.HAL_UART_MspInit  usart.o
    0x0800407c   0x0800407c   0x000000be   Code   RO         4867    i.HAL_UART_Transmit  stm32h7xx_hal_uart.o
    0x0800413a   0x0800413a   0x00000002   Code   RO          651    i.HardFault_Handler  stm32h7xx_it.o
    0x0800413c   0x0800413c   0x0000003c   Code   RO           15    i.LED_Cleared_SET   ws2812.o
    0x08004178   0x08004178   0x0000002c   Code   RO          397    i.MX_DMA_Init       dma.o
    0x080041a4   0x080041a4   0x00000068   Code   RO          424    i.MX_FMC_Init       fmc.o
    0x0800420c   0x0800420c   0x000000fc   Code   RO          373    i.MX_GPIO_Init      gpio.o
    0x08004308   0x08004308   0x00000038   Code   RO          471    i.MX_QUADSPI_Init   quadspi.o
    0x08004340   0x08004340   0x00000070   Code   RO          517    i.MX_TIM2_Init      tim.o
    0x080043b0   0x080043b0   0x00000068   Code   RO          518    i.MX_TIM3_Init      tim.o
    0x08004418   0x08004418   0x00000068   Code   RO          586    i.MX_UART4_Init     usart.o
    0x08004480   0x08004480   0x00000002   Code   RO          652    i.MemManage_Handler  stm32h7xx_it.o
    0x08004482   0x08004482   0x00000002   Code   RO          653    i.NMI_Handler       stm32h7xx_it.o
    0x08004484   0x08004484   0x00000002   Code   RO          654    i.PendSV_Handler    stm32h7xx_it.o
    0x08004486   0x08004486   0x00000048   Code   RO         3620    i.QSPI_WaitFlagStateUntilTimeout  stm32h7xx_hal_qspi.o
    0x080044ce   0x080044ce   0x00000002   PAD
    0x080044d0   0x080044d0   0x00000120   Code   RO         1139    i.RCCEx_PLL2_Config  stm32h7xx_hal_rcc_ex.o
    0x080045f0   0x080045f0   0x00000120   Code   RO         1140    i.RCCEx_PLL3_Config  stm32h7xx_hal_rcc_ex.o
    0x08004710   0x08004710   0x00000084   Code   RO          270    i.SDRAM_Init        sdram.o
    0x08004794   0x08004794   0x00000002   Code   RO          655    i.SVC_Handler       stm32h7xx_it.o
    0x08004796   0x08004796   0x00000004   Code   RO          656    i.SysTick_Handler   stm32h7xx_it.o
    0x0800479a   0x0800479a   0x00000002   PAD
    0x0800479c   0x0800479c   0x000000c8   Code   RO          309    i.SystemClock_Config  main.o
    0x08004864   0x08004864   0x000000e4   Code   RO         5326    i.SystemInit        system_stm32h7xx.o
    0x08004948   0x08004948   0x0000000c   Code   RO          657    i.TIM3_IRQHandler   stm32h7xx_it.o
    0x08004954   0x08004954   0x000000c4   Code   RO         3918    i.TIM_Base_SetConfig  stm32h7xx_hal_tim.o
    0x08004a18   0x08004a18   0x0000001a   Code   RO         3919    i.TIM_CCxChannelCmd  stm32h7xx_hal_tim.o
    0x08004a32   0x08004a32   0x0000005e   Code   RO         3922    i.TIM_DMADelayPulseCplt  stm32h7xx_hal_tim.o
    0x08004a90   0x08004a90   0x00000038   Code   RO         3923    i.TIM_DMADelayPulseHalfCplt  stm32h7xx_hal_tim.o
    0x08004ac8   0x08004ac8   0x00000054   Code   RO         3924    i.TIM_DMAError      stm32h7xx_hal_tim.o
    0x08004b1c   0x08004b1c   0x00000012   Code   RO         3929    i.TIM_ETR_SetConfig  stm32h7xx_hal_tim.o
    0x08004b2e   0x08004b2e   0x00000002   PAD
    0x08004b30   0x08004b30   0x00000014   Code   RO         3930    i.TIM_ITRx_SetConfig  stm32h7xx_hal_tim.o
    0x08004b44   0x08004b44   0x000000a8   Code   RO         3931    i.TIM_OC1_SetConfig  stm32h7xx_hal_tim.o
    0x08004bec   0x08004bec   0x00000098   Code   RO         3932    i.TIM_OC2_SetConfig  stm32h7xx_hal_tim.o
    0x08004c84   0x08004c84   0x0000008c   Code   RO         3933    i.TIM_OC3_SetConfig  stm32h7xx_hal_tim.o
    0x08004d10   0x08004d10   0x0000006c   Code   RO         3934    i.TIM_OC4_SetConfig  stm32h7xx_hal_tim.o
    0x08004d7c   0x08004d7c   0x0000006c   Code   RO         3935    i.TIM_OC5_SetConfig  stm32h7xx_hal_tim.o
    0x08004de8   0x08004de8   0x0000006c   Code   RO         3936    i.TIM_OC6_SetConfig  stm32h7xx_hal_tim.o
    0x08004e54   0x08004e54   0x00000022   Code   RO         3938    i.TIM_TI1_ConfigInputStage  stm32h7xx_hal_tim.o
    0x08004e76   0x08004e76   0x00000024   Code   RO         3940    i.TIM_TI2_ConfigInputStage  stm32h7xx_hal_tim.o
    0x08004e9a   0x08004e9a   0x00000002   PAD
    0x08004e9c   0x08004e9c   0x00000064   Code   RO         5242    i.UARTEx_SetNbDataToProcess  stm32h7xx_hal_uart_ex.o
    0x08004f00   0x08004f00   0x000000c8   Code   RO         4872    i.UART_AdvFeatureConfig  stm32h7xx_hal_uart.o
    0x08004fc8   0x08004fc8   0x0000005e   Code   RO         4873    i.UART_CheckIdleState  stm32h7xx_hal_uart.o
    0x08005026   0x08005026   0x00000002   PAD
    0x08005028   0x08005028   0x000003b0   Code   RO         4890    i.UART_SetConfig    stm32h7xx_hal_uart.o
    0x080053d8   0x080053d8   0x000000a4   Code   RO         4895    i.UART_WaitOnFlagUntilTimeout  stm32h7xx_hal_uart.o
    0x0800547c   0x0800547c   0x00000002   Code   RO          658    i.UsageFault_Handler  stm32h7xx_it.o
    0x0800547e   0x0800547e   0x00000002   PAD
    0x08005480   0x08005480   0x00000040   Code   RO           18    i.WS2812_Init       ws2812.o
    0x080054c0   0x080054c0   0x0000001a   Code   RO           19    i.WS2812_OLL_slake  ws2812.o
    0x080054da   0x080054da   0x00000002   PAD
    0x080054dc   0x080054dc   0x00000084   Code   RO           22    i.WS2812_PUT_SET_LED  ws2812.o
    0x08005560   0x08005560   0x00000080   Code   RO           23    i.WS2812_PUT_SET_LED_colour  ws2812.o
    0x080055e0   0x080055e0   0x0000000c   Code   RO           25    i.WS2812_Return_HZ  ws2812.o
    0x080055ec   0x080055ec   0x00000010   Code   RO         5367    i.__0printf$bare    mc_w.l(printfb.o)
    0x080055fc   0x080055fc   0x00000022   Code   RO          779    i.__NVIC_SetPriority  stm32h7xx_hal_cortex.o
    0x0800561e   0x0800561e   0x0000000e   Code   RO         5666    i.__scatterload_copy  mc_w.l(handlers.o)
    0x0800562c   0x0800562c   0x00000002   Code   RO         5667    i.__scatterload_null  mc_w.l(handlers.o)
    0x0800562e   0x0800562e   0x0000000e   Code   RO         5668    i.__scatterload_zeroinit  mc_w.l(handlers.o)
    0x0800563c   0x0800563c   0x00000022   Code   RO         5374    i._printf_core      mc_w.l(printfb.o)
    0x0800565e   0x0800565e   0x00000002   PAD
    0x08005660   0x08005660   0x000000a8   Code   RO          310    i.bsp_TestExtSDRAM  main.o
    0x08005708   0x08005708   0x00000018   Code   RO          589    i.fputc             usart.o
    0x08005720   0x08005720   0x0000010c   Code   RO          311    i.main              main.o
    0x0800582c   0x0800582c   0x0000000c   Code   RO           26    i.ws2812_SET_Bri    ws2812.o
    0x08005838   0x08005838   0x00000068   Code   RO           28    i.ws2812_send       ws2812.o
    0x080058a0   0x080058a0   0x00000004   Code   RO           29    i.ws2812_send_ONE   ws2812.o
    0x080058a4   0x080058a4   0x00000008   Data   RO         1648    .constdata          stm32h7xx_hal_dma.o
    0x080058ac   0x080058ac   0x00000018   Data   RO         4896    .constdata          stm32h7xx_hal_uart.o
    0x080058c4   0x080058c4   0x00000010   Data   RO         5327    .constdata          system_stm32h7xx.o
    0x080058d4   0x080058d4   0x00000020   Data   RO         5664    Region$$Table       anon$$obj.o


    Execution Region RW_IRAM1 (Exec base: 0x20000000, Load base: 0x080058f4, Size: 0x00000000, Max: 0x00020000, ABSOLUTE)

    **** No section assigned to this execution region ****


    Execution Region RW_IRAM2 (Exec base: 0x24000000, Load base: 0x080058f4, Size: 0x000039b0, Max: 0x00080000, ABSOLUTE)

    Exec Addr    Load Addr    Size         Type   Attr      Idx    E Section Name        Object

    0x24000000   0x080058f4   0x0000001c   Data   RW           32    .data               ws2812.o
    0x2400001c   0x08005910   0x00000008   Data   RW          426    .data               fmc.o
    0x24000024   0x08005918   0x00000002   Data   RW          520    .data               tim.o
    0x24000026   0x0800591a   0x00000002   PAD
    0x24000028   0x0800591c   0x0000000c   Data   RW         2390    .data               stm32h7xx_hal.o
    0x24000034   0x08005928   0x00000008   Data   RW         5328    .data               system_stm32h7xx.o
    0x2400003c   0x08005930   0x00000004   Data   RW         5640    .data               mc_w.l(stdout.o)
    0x24000040        -       0x00003340   Zero   RW           30    .bss                ws2812.o
    0x24003380        -       0x00000010   Zero   RW          271    .bss                sdram.o
    0x24003390        -       0x00000034   Zero   RW          425    .bss                fmc.o
    0x240033c4        -       0x0000004c   Zero   RW          472    .bss                quadspi.o
    0x24003410        -       0x00000110   Zero   RW          519    .bss                tim.o
    0x24003520        -       0x0000008c   Zero   RW          590    .bss                usart.o
    0x240035ac   0x08005934   0x00000004   PAD
    0x240035b0        -       0x00000400   Zero   RW            1    STACK               startup_stm32h750xx.o


==============================================================================

Image component sizes


      Code (inc. data)   RO Data    RW Data    ZI Data      Debug   Object Name

        44          4          0          0          0        882   dma.o
       296         42          0          8         52       2308   fmc.o
       252         16          0          0          0       1203   gpio.o
       640        118          0          0          0       3351   main.o
       228         26          0          0         76       1869   quadspi.o
       132         10          0          0         16       1841   sdram.o
        36          8        664          0       1024        840   startup_stm32h750xx.o
       232         44          0         12          0      23488   stm32h7xx_hal.o
       198         12          0          0          0    1346964   stm32h7xx_hal_cortex.o
      5132        218          8          0          0      10858   stm32h7xx_hal_dma.o
       570         50          0          0          0       2728   stm32h7xx_hal_gpio.o
        28          6          0          0          0        918   stm32h7xx_hal_msp.o
        84          6          0          0          0        793   stm32h7xx_hal_pwr_ex.o
       244         10          0          0          0       2834   stm32h7xx_hal_qspi.o
      2344        108          0          0          0       7160   stm32h7xx_hal_rcc.o
      3494        114          0          0          0       7953   stm32h7xx_hal_rcc_ex.o
       186          4          0          0          0       2992   stm32h7xx_hal_sdram.o
      3238        248          0          0          0      22078   stm32h7xx_hal_tim.o
       158         24          0          0          0       3236   stm32h7xx_hal_tim_ex.o
      1698        108         24          0          0      25838   stm32h7xx_hal_uart.o
       316         18          0          0          0       3829   stm32h7xx_hal_uart_ex.o
        44         12          0          0          0       5018   stm32h7xx_it.o
       336         12          0          0          0       4348   stm32h7xx_ll_fmc.o
       228         40         16          8          0       1550   system_stm32h7xx.o
       520         54          0          2        272       4549   tim.o
       272         32          0          0        140       3616   usart.o
       710         74          0         28      13120    1305985   ws2812.o

    ----------------------------------------------------------------------
     21694       1418        744         60      14704    2799029   Object Totals
         0          0         32          0          0          0   (incl. Generated)
        34          0          0          2          4          0   (incl. Padding)

    ----------------------------------------------------------------------

      Code (inc. data)   RO Data    RW Data    ZI Data      Debug   Library Member Name

         0          0          0          0          0          0   entry.o
         0          0          0          0          0          0   entry10a.o
         0          0          0          0          0          0   entry11a.o
         8          4          0          0          0          0   entry2.o
         4          0          0          0          0          0   entry5.o
         0          0          0          0          0          0   entry7b.o
         0          0          0          0          0          0   entry8b.o
         8          4          0          0          0          0   entry9a.o
        30          0          0          0          0          0   handlers.o
        36          8          0          0          0         68   init.o
        30          0          0          0          0         68   llshl.o
        32          0          0          0          0         68   llushr.o
        36          0          0          0          0        108   memseta.o
        50          8          0          0          0        152   printfb.o
         0          0          0          4          0          0   stdout.o
        98          0          0          0          0         92   uldiv.o

    ----------------------------------------------------------------------
       334         24          0          4          0        556   Library Totals
         2          0          0          0          0          0   (incl. Padding)

    ----------------------------------------------------------------------

      Code (inc. data)   RO Data    RW Data    ZI Data      Debug   Library Name

       332         24          0          4          0        556   mc_w.l

    ----------------------------------------------------------------------
       334         24          0          4          0        556   Library Totals

    ----------------------------------------------------------------------

==============================================================================


      Code (inc. data)   RO Data    RW Data    ZI Data      Debug   

     22028       1442        744         64      14704    2787481   Grand Totals
     22028       1442        744         64      14704    2787481   ELF Image Totals
     22028       1442        744         64          0          0   ROM Totals

==============================================================================

    Total RO  Size (Code + RO Data)                22772 (  22.24kB)
    Total RW  Size (RW Data + ZI Data)             14768 (  14.42kB)
    Total ROM Size (Code + RO Data + RW Data)      22836 (  22.30kB)

==============================================================================

